This is pdfTeX, Version 3.141592653-2.6-1.40.25 (TeX Live 2023/Debian) (preloaded format=pdflatex 2025.4.6)  9 OCT 2026 13:31
entering extended mode
 restricted \write18 enabled.
 file:line:error style messages enabled.
 %&-line parsing enabled.
**/home/shuta/Github/Lectures/An26w/class1/class1_handout.tex
(/home/shuta/Github/Lectures/An26w/class1/class1_handout.tex
LaTeX2e <2023-11-01> patch level 1
L3 programming layer <2024-01-22>
(/usr/share/texlive/texmf-dist/tex/latex/bxjscls/bxjsarticle.cls
Document Class: bxjsarticle 2024/01/22 v2.9b BXJS document classes
(/usr/share/texlive/texmf-dist/tex/latex/tools/calc.sty
Package: calc 2023/07/08 v4.3 Infix arithmetic (KKT,FJ)
\calc@Acount=\count187
\calc@Bcount=\count188
\calc@Adimen=\dimen140
\calc@Bdimen=\dimen141
\calc@Askip=\skip48
\calc@Bskip=\skip49
LaTeX Info: Redefining \setlength on input line 80.
LaTeX Info: Redefining \addtolength on input line 81.
\calc@Ccount=\count189
\calc@Cskip=\skip50
) (/usr/share/texlive/texmf-dist/tex/latex/graphics/keyval.sty
Package: keyval 2022/05/29 v1.15 key=value parser (DPC)
\KV@toks@=\toks17
) (/usr/share/texlive/texmf-dist/tex/generic/iftex/iftex.sty
Package: iftex 2022/02/03 v1.0f TeX engine tests
) (/usr/share/texlive/texmf-dist/tex/latex/bxjscls/bxjscompat.sty
Package: bxjscompat 2024/01/22 v2.9b BXJS document classes
)
\jsc@mpt=\dimen142
\jsc@mmm=\dimen143
\jsZw=\dimen144
\jsc@smallskipamount=\skip51
\Cht=\dimen145
\Cdp=\dimen146
\Cwd=\dimen147
\Cvs=\dimen148
\Chs=\dimen149
\fullwidth=\dimen150
 (/usr/share/texlive/texmf-dist/tex/latex/geometry/geometry.sty
Package: geometry 2020/01/02 v5.9 Page Geometry
 (/usr/share/texlive/texmf-dist/tex/generic/iftex/ifvtex.sty
Package: ifvtex 2019/10/25 v1.7 ifvtex legacy package. Use iftex instead.
)
\Gm@cnth=\count190
\Gm@cntv=\count191
\c@Gm@tempcnt=\count192
\Gm@bindingoffset=\dimen151
\Gm@wd@mp=\dimen152
\Gm@odd@mp=\dimen153
\Gm@even@mp=\dimen154
\Gm@layoutwidth=\dimen155
\Gm@layoutheight=\dimen156
\Gm@layouthoffset=\dimen157
\Gm@layoutvoffset=\dimen158
\Gm@dimlist=\toks18
)
\c@part=\count193
\c@section=\count194
\c@subsection=\count195
\c@subsubsection=\count196
\c@paragraph=\count197
\c@subparagraph=\count198
\@abstractbox=\box51
\c@figure=\count199
\c@table=\count266
\abovecaptionskip=\skip52
\belowcaptionskip=\skip53
\jsc@tocl@width=\dimen159
\@lnumwidth=\dimen160
\bibindent=\dimen161
 (/usr/share/texlive/texmf-dist/tex/latex/bxwareki/bxwareki.sty
Package: bxwareki 2023/07/07 v0.7
\c@warekiyear=\count267
 (/usr/share/texlive/texmf-dist/tex/latex/bxwareki/bxwareki-cd.def
File: bxwareki-cd.def 2023/07/07 v0.7
)) (/usr/share/texlive/texmf-dist/tex/latex/bxjscls/bxjsja-standard.def
File: bxjsja-standard.def 2024/01/22 v2.9b BXJS document classes
 (/usr/share/texlive/texmf-dist/tex/latex/bxjscls/bxjsja-minimal.def
File: bxjsja-minimal.def 2024/01/22 v2.9b BXJS document classes
\everypar=\toks19
) (/usr/share/texlive/texmf-dist/tex/latex/etoolbox/etoolbox.sty
Package: etoolbox 2020/10/05 v2.5k e-TeX tools for LaTeX (JAW)
\etb@tempcnta=\count268
) (/usr/share/texlive/texmf-dist/tex/latex/bxcjkjatype/bxcjkjatype.sty
Package: bxcjkjatype 2023/07/23 v0.5
Package bxcjkjatype Info: Driver auto-detected: pdftex on input line 160.
 (/usr/share/texmf/tex/latex/CJK/CJK.sty
Package: CJK 2021/10/16 4.8.5
 (/usr/share/texmf/tex/latex/CJK/mule/MULEenc.sty
Package: MULEenc 2021/10/16 4.8.5
) (/usr/share/texmf/tex/latex/CJK/CJK.enc
File: CJK.enc 2021/10/16 4.8.5
Now handling font encoding C00 ...
... no UTF-8 mapping file for font encoding C00
Now handling font encoding C05 ...
... no UTF-8 mapping file for font encoding C05
Now handling font encoding C09 ...
... no UTF-8 mapping file for font encoding C09
Now handling font encoding C10 ...
... no UTF-8 mapping file for font encoding C10
Now handling font encoding C20 ...
... no UTF-8 mapping file for font encoding C20
Now handling font encoding C19 ...
... no UTF-8 mapping file for font encoding C19
Now handling font encoding C40 ...
... no UTF-8 mapping file for font encoding C40
Now handling font encoding C42 ...
... no UTF-8 mapping file for font encoding C42
Now handling font encoding C43 ...
... no UTF-8 mapping file for font encoding C43
Now handling font encoding C50 ...
... no UTF-8 mapping file for font encoding C50
Now handling font encoding C52 ...
... no UTF-8 mapping file for font encoding C52
Now handling font encoding C49 ...
... no UTF-8 mapping file for font encoding C49
Now handling font encoding C60 ...
... no UTF-8 mapping file for font encoding C60
Now handling font encoding C61 ...
... no UTF-8 mapping file for font encoding C61
Now handling font encoding C63 ...
... no UTF-8 mapping file for font encoding C63
Now handling font encoding C64 ...
... no UTF-8 mapping file for font encoding C64
Now handling font encoding C65 ...
... no UTF-8 mapping file for font encoding C65
Now handling font encoding C70 ...
... no UTF-8 mapping file for font encoding C70
Now handling font encoding C31 ...
... no UTF-8 mapping file for font encoding C31
Now handling font encoding C32 ...
... no UTF-8 mapping file for font encoding C32
Now handling font encoding C33 ...
... no UTF-8 mapping file for font encoding C33
Now handling font encoding C34 ...
... no UTF-8 mapping file for font encoding C34
Now handling font encoding C35 ...
... no UTF-8 mapping file for font encoding C35
Now handling font encoding C36 ...
... no UTF-8 mapping file for font encoding C36
Now handling font encoding C37 ...
... no UTF-8 mapping file for font encoding C37
Now handling font encoding C80 ...
... no UTF-8 mapping file for font encoding C80
Now handling font encoding C81 ...
... no UTF-8 mapping file for font encoding C81
Now handling font encoding C01 ...
... no UTF-8 mapping file for font encoding C01
Now handling font encoding C11 ...
... no UTF-8 mapping file for font encoding C11
Now handling font encoding C21 ...
... no UTF-8 mapping file for font encoding C21
Now handling font encoding C41 ...
... no UTF-8 mapping file for font encoding C41
Now handling font encoding C62 ...
... no UTF-8 mapping file for font encoding C62
)
\CJK@indent=\box52
) (/usr/share/texmf/tex/latex/CJK/CJKutf8.sty
Package: CJKutf8 2021/10/16 4.8.5
 (/usr/share/texlive/texmf-dist/tex/generic/iftex/ifpdf.sty
Package: ifpdf 2019/10/25 v3.4 ifpdf legacy package. Use iftex instead.
) (/usr/share/texlive/texmf-dist/tex/latex/base/inputenc.sty
Package: inputenc 2021/02/14 v1.3d Input encoding file
\inpenc@prehook=\toks20
\inpenc@posthook=\toks21
) (/usr/share/texlive/texmf-dist/tex/latex/base/fontenc.sty
Package: fontenc 2021/04/29 v2.0v Standard LaTeX package
)) (/usr/share/texmf/tex/latex/CJK/CJKspace.sty
Package: CJKspace 2021/10/16 3.8.0
) (/usr/share/texlive/texmf-dist/tex/latex/cjkpunct/CJKpunct.sty
Package: CJKpunct 2016/05/14 4.8.4
\CJKpunct@cnta=\count269
\CJKpunct@cntb=\count270
\CJKpunct@cntc=\count271
\CJKpunct@cntd=\count272
\CJKpunct@cnte=\count273
   defining Unicode char U+2018 (decimal 8216)
   defining Unicode char U+2019 (decimal 8217)
   defining Unicode char U+201C (decimal 8220)
   defining Unicode char U+201D (decimal 8221)
   defining Unicode char U+2014 (decimal 8212)
   defining Unicode char U+2026 (decimal 8230)
 (/usr/share/texlive/texmf-dist/tex/latex/cjkpunct/CJKpunct.spa)) (/usr/share/texmf/tex/latex/CJK/UTF8/UTF8.bdg
File: UTF8.bdg 2021/10/16 4.8.5
))
\jsKanjiSkip=\skip54
\jsXKanjiSkip=\skip55
)) (/usr/share/texmf/tex/latex/lm/lmodern.sty
Package: lmodern 2015/05/01 v1.6.1 Latin Modern Fonts
LaTeX Font Info:    Overwriting symbol font `operators' in version `normal'
(Font)                  OT1/cmr/m/n --> OT1/lmr/m/n on input line 22.
LaTeX Font Info:    Overwriting symbol font `letters' in version `normal'
(Font)                  OML/cmm/m/it --> OML/lmm/m/it on input line 23.
LaTeX Font Info:    Overwriting symbol font `symbols' in version `normal'
(Font)                  OMS/cmsy/m/n --> OMS/lmsy/m/n on input line 24.
LaTeX Font Info:    Overwriting symbol font `largesymbols' in version `normal'
(Font)                  OMX/cmex/m/n --> OMX/lmex/m/n on input line 25.
LaTeX Font Info:    Overwriting symbol font `operators' in version `bold'
(Font)                  OT1/cmr/bx/n --> OT1/lmr/bx/n on input line 26.
LaTeX Font Info:    Overwriting symbol font `letters' in version `bold'
(Font)                  OML/cmm/b/it --> OML/lmm/b/it on input line 27.
LaTeX Font Info:    Overwriting symbol font `symbols' in version `bold'
(Font)                  OMS/cmsy/b/n --> OMS/lmsy/b/n on input line 28.
LaTeX Font Info:    Overwriting symbol font `largesymbols' in version `bold'
(Font)                  OMX/cmex/m/n --> OMX/lmex/m/n on input line 29.
LaTeX Font Info:    Overwriting math alphabet `\mathbf' in version `normal'
(Font)                  OT1/cmr/bx/n --> OT1/lmr/bx/n on input line 31.
LaTeX Font Info:    Overwriting math alphabet `\mathsf' in version `normal'
(Font)                  OT1/cmss/m/n --> OT1/lmss/m/n on input line 32.
LaTeX Font Info:    Overwriting math alphabet `\mathit' in version `normal'
(Font)                  OT1/cmr/m/it --> OT1/lmr/m/it on input line 33.
LaTeX Font Info:    Overwriting math alphabet `\mathtt' in version `normal'
(Font)                  OT1/cmtt/m/n --> OT1/lmtt/m/n on input line 34.
LaTeX Font Info:    Overwriting math alphabet `\mathbf' in version `bold'
(Font)                  OT1/cmr/bx/n --> OT1/lmr/bx/n on input line 35.
LaTeX Font Info:    Overwriting math alphabet `\mathsf' in version `bold'
(Font)                  OT1/cmss/bx/n --> OT1/lmss/bx/n on input line 36.
LaTeX Font Info:    Overwriting math alphabet `\mathit' in version `bold'
(Font)                  OT1/cmr/bx/it --> OT1/lmr/bx/it on input line 37.
LaTeX Font Info:    Overwriting math alphabet `\mathtt' in version `bold'
(Font)                  OT1/cmtt/m/n --> OT1/lmtt/m/n on input line 38.
) (/usr/share/texlive/texmf-dist/tex/latex/amsmath/amsmath.sty
Package: amsmath 2023/05/13 v2.17o AMS math features
\@mathmargin=\skip56

For additional information on amsmath, use the `?' option.
(/usr/share/texlive/texmf-dist/tex/latex/amsmath/amstext.sty
Package: amstext 2021/08/26 v2.01 AMS text
 (/usr/share/texlive/texmf-dist/tex/latex/amsmath/amsgen.sty
File: amsgen.sty 1999/11/30 v2.0 generic functions
\@emptytoks=\toks22
\ex@=\dimen162
)) (/usr/share/texlive/texmf-dist/tex/latex/amsmath/amsbsy.sty
Package: amsbsy 1999/11/29 v1.2d Bold Symbols
\pmbraise@=\dimen163
) (/usr/share/texlive/texmf-dist/tex/latex/amsmath/amsopn.sty
Package: amsopn 2022/04/08 v2.04 operator names
)
\inf@bad=\count274
LaTeX Info: Redefining \frac on input line 234.
\uproot@=\count275
\leftroot@=\count276
LaTeX Info: Redefining \overline on input line 399.
LaTeX Info: Redefining \colon on input line 410.
\classnum@=\count277
\DOTSCASE@=\count278
LaTeX Info: Redefining \ldots on input line 496.
LaTeX Info: Redefining \dots on input line 499.
LaTeX Info: Redefining \cdots on input line 620.
\Mathstrutbox@=\box53
\strutbox@=\box54
LaTeX Info: Redefining \big on input line 722.
LaTeX Info: Redefining \Big on input line 723.
LaTeX Info: Redefining \bigg on input line 724.
LaTeX Info: Redefining \Bigg on input line 725.
\big@size=\dimen164
LaTeX Font Info:    Redeclaring font encoding OML on input line 743.
LaTeX Font Info:    Redeclaring font encoding OMS on input line 744.
\macc@depth=\count279
LaTeX Info: Redefining \bmod on input line 905.
LaTeX Info: Redefining \pmod on input line 910.
LaTeX Info: Redefining \smash on input line 940.
LaTeX Info: Redefining \relbar on input line 970.
LaTeX Info: Redefining \Relbar on input line 971.
\c@MaxMatrixCols=\count280
\dotsspace@=\muskip16
\c@parentequation=\count281
\dspbrk@lvl=\count282
\tag@help=\toks23
\row@=\count283
\column@=\count284
\maxfields@=\count285
\andhelp@=\toks24
\eqnshift@=\dimen165
\alignsep@=\dimen166
\tagshift@=\dimen167
\tagwidth@=\dimen168
\totwidth@=\dimen169
\lineht@=\dimen170
\@envbody=\toks25
\multlinegap=\skip57
\multlinetaggap=\skip58
\mathdisplay@stack=\toks26
LaTeX Info: Redefining \[ on input line 2953.
LaTeX Info: Redefining \] on input line 2954.
) (/usr/share/texlive/texmf-dist/tex/latex/amsfonts/amssymb.sty
Package: amssymb 2013/01/14 v3.01 AMS font symbols
 (/usr/share/texlive/texmf-dist/tex/latex/amsfonts/amsfonts.sty
Package: amsfonts 2013/01/14 v3.01 Basic AMSFonts support
\symAMSa=\mathgroup4
\symAMSb=\mathgroup5
LaTeX Font Info:    Redeclaring math symbol \hbar on input line 98.
LaTeX Font Info:    Overwriting math alphabet `\mathfrak' in version `bold'
(Font)                  U/euf/m/n --> U/euf/b/n on input line 106.
)) (/usr/share/texlive/texmf-dist/tex/latex/mathtools/mathtools.sty
Package: mathtools 2022/06/29 v1.29 mathematical typesetting tools
 (/usr/share/texlive/texmf-dist/tex/latex/mathtools/mhsetup.sty
Package: mhsetup 2021/03/18 v1.4 programming setup (MH)
)
\g_MT_multlinerow_int=\count286
\l_MT_multwidth_dim=\dimen171
\origjot=\skip59
\l_MT_shortvdotswithinadjustabove_dim=\dimen172
\l_MT_shortvdotswithinadjustbelow_dim=\dimen173
\l_MT_above_intertext_sep=\dimen174
\l_MT_below_intertext_sep=\dimen175
\l_MT_above_shortintertext_sep=\dimen176
\l_MT_below_shortintertext_sep=\dimen177
\xmathstrut@box=\box55
\xmathstrut@dim=\dimen178
) (/usr/share/texlive/texmf-dist/tex/latex/xcolor/xcolor.sty
Package: xcolor 2023/11/15 v3.01 LaTeX color extensions (UK)
 (/usr/share/texlive/texmf-dist/tex/latex/graphics-cfg/color.cfg
File: color.cfg 2016/01/02 v1.6 sample color configuration
)
Package xcolor Info: Driver file: pdftex.def on input line 274.
 (/usr/share/texlive/texmf-dist/tex/latex/graphics-def/pdftex.def
File: pdftex.def 2022/09/22 v1.2b Graphics/color driver for pdftex
) (/usr/share/texlive/texmf-dist/tex/latex/graphics/mathcolor.ltx)
Package xcolor Info: Model `cmy' substituted by `cmy0' on input line 1350.
Package xcolor Info: Model `hsb' substituted by `rgb' on input line 1354.
Package xcolor Info: Model `RGB' extended on input line 1366.
Package xcolor Info: Model `HTML' substituted by `rgb' on input line 1368.
Package xcolor Info: Model `Hsb' substituted by `hsb' on input line 1369.
Package xcolor Info: Model `tHsb' substituted by `hsb' on input line 1370.
Package xcolor Info: Model `HSB' substituted by `hsb' on input line 1371.
Package xcolor Info: Model `Gray' substituted by `gray' on input line 1372.
Package xcolor Info: Model `wave' substituted by `hsb' on input line 1373.
) (/usr/share/texlive/texmf-dist/tex/latex/enumitem/enumitem.sty
Package: enumitem 2019/06/20 v3.9 Customized lists
\labelindent=\skip60
\enit@outerparindent=\dimen179
\enit@toks=\toks27
\enit@inbox=\box56
\enit@count@id=\count287
\enitdp@description=\count288
) (/usr/share/texlive/texmf-dist/tex/latex/tools/array.sty
Package: array 2023/10/16 v2.5g Tabular extension package (FMi)
\col@sep=\dimen180
\ar@mcellbox=\box57
\extrarowheight=\dimen181
\NC@list=\toks28
\extratabsurround=\skip61
\backup@length=\skip62
\ar@cellbox=\box58
) (/usr/share/texlive/texmf-dist/tex/latex/booktabs/booktabs.sty
Package: booktabs 2020/01/12 v1.61803398 Publication quality tables
\heavyrulewidth=\dimen182
\lightrulewidth=\dimen183
\cmidrulewidth=\dimen184
\belowrulesep=\dimen185
\belowbottomsep=\dimen186
\aboverulesep=\dimen187
\abovetopsep=\dimen188
\cmidrulesep=\dimen189
\cmidrulekern=\dimen190
\defaultaddspace=\dimen191
\@cmidla=\count289
\@cmidlb=\count290
\@aboverulesep=\dimen192
\@belowrulesep=\dimen193
\@thisruleclass=\count291
\@lastruleclass=\count292
\@thisrulewidth=\dimen194
) (/usr/share/texlive/texmf-dist/tex/latex/tools/tabularx.sty
Package: tabularx 2023/07/08 v2.11c `tabularx' package (DPC)
\TX@col@width=\dimen195
\TX@old@table=\dimen196
\TX@old@col=\dimen197
\TX@target=\dimen198
\TX@delta=\dimen199
\TX@cols=\count293
\TX@ftn=\toks29
) (/usr/share/texlive/texmf-dist/tex/latex/fancyhdr/fancyhdr.sty
Package: fancyhdr 2022/11/09 v4.1 Extensive control of page headers and footers
\f@nch@headwidth=\skip63
\f@nch@O@elh=\skip64
\f@nch@O@erh=\skip65
\f@nch@O@olh=\skip66
\f@nch@O@orh=\skip67
\f@nch@O@elf=\skip68
\f@nch@O@erf=\skip69
\f@nch@O@olf=\skip70
\f@nch@O@orf=\skip71
) (/usr/share/texlive/texmf-dist/tex/latex/lastpage/lastpage.sty
Package: lastpage 2023/10/14 v2.0e lastpage: 2.09 or 2e? (HMM)
 (/usr/share/texlive/texmf-dist/tex/latex/lastpage/lastpage2e.sty
Package: lastpage2e 2023/10/14 v2.0e Decide which 2e lastpage version to use (HMM)
 (/usr/share/texlive/texmf-dist/tex/latex/lastpage/lastpagemodern.sty
Package: lastpagemodern 2023-10-14 v2.0e Refers to last page's name (HMM; JPG)
\c@lastpagecount=\count294
) 
))
Package bxjsarticle Info: Patch to fancyhdr is applied.
LaTeX Font Info:    Trying to load font information for OT1+lmr on input line 54.
 (/usr/share/texmf/tex/latex/lm/ot1lmr.fd
File: ot1lmr.fd 2015/05/01 v1.6.1 Font defs for Latin Modern
) (/usr/share/texlive/texmf-dist/tex/latex/l3backend/l3backend-pdftex.def
File: l3backend-pdftex.def 2024-01-04 L3 backend support: PDF output (pdfTeX)
\l__color_backend_stack_int=\count295
\l__pdf_internal_box=\box59
) (./class1_handout.aux)
\openout1 = `class1_handout.aux'.

LaTeX Font Info:    Checking defaults for OML/cmm/m/it on input line 54.
LaTeX Font Info:    ... okay on input line 54.
LaTeX Font Info:    Checking defaults for OMS/cmsy/m/n on input line 54.
LaTeX Font Info:    ... okay on input line 54.
LaTeX Font Info:    Checking defaults for OT1/cmr/m/n on input line 54.
LaTeX Font Info:    ... okay on input line 54.
LaTeX Font Info:    Checking defaults for T1/cmr/m/n on input line 54.
LaTeX Font Info:    ... okay on input line 54.
LaTeX Font Info:    Checking defaults for TS1/cmr/m/n on input line 54.
LaTeX Font Info:    ... okay on input line 54.
LaTeX Font Info:    Checking defaults for OMX/cmex/m/n on input line 54.
LaTeX Font Info:    ... okay on input line 54.
LaTeX Font Info:    Checking defaults for U/cmr/m/n on input line 54.
LaTeX Font Info:    ... okay on input line 54.
LaTeX Font Info:    Checking defaults for C00/song/m/n on input line 54.
LaTeX Font Info:    ... okay on input line 54.
LaTeX Font Info:    Checking defaults for C05/song/m/n on input line 54.
LaTeX Font Info:    ... okay on input line 54.
LaTeX Font Info:    Checking defaults for C09/song/m/n on input line 54.
LaTeX Font Info:    ... okay on input line 54.
LaTeX Font Info:    Checking defaults for C10/song/m/n on input line 54.
LaTeX Font Info:    ... okay on input line 54.
LaTeX Font Info:    Checking defaults for C20/song/m/n on input line 54.
LaTeX Font Info:    ... okay on input line 54.
LaTeX Font Info:    Checking defaults for C19/song/m/n on input line 54.
LaTeX Font Info:    ... okay on input line 54.
LaTeX Font Info:    Checking defaults for C40/song/m/n on input line 54.
LaTeX Font Info:    ... okay on input line 54.
LaTeX Font Info:    Checking defaults for C42/song/m/n on input line 54.
LaTeX Font Info:    ... okay on input line 54.
LaTeX Font Info:    Checking defaults for C43/song/m/n on input line 54.
LaTeX Font Info:    ... okay on input line 54.
LaTeX Font Info:    Checking defaults for C50/song/m/n on input line 54.
LaTeX Font Info:    ... okay on input line 54.
LaTeX Font Info:    Checking defaults for C52/song/m/n on input line 54.
LaTeX Font Info:    ... okay on input line 54.
LaTeX Font Info:    Checking defaults for C49/song/m/n on input line 54.
LaTeX Font Info:    ... okay on input line 54.
LaTeX Font Info:    Checking defaults for C60/mj/m/n on input line 54.
LaTeX Font Info:    ... okay on input line 54.
LaTeX Font Info:    Checking defaults for C61/mj/m/n on input line 54.
LaTeX Font Info:    ... okay on input line 54.
LaTeX Font Info:    Checking defaults for C63/mj/m/n on input line 54.
LaTeX Font Info:    ... okay on input line 54.
LaTeX Font Info:    Checking defaults for C64/mj/m/n on input line 54.
LaTeX Font Info:    ... okay on input line 54.
LaTeX Font Info:    Checking defaults for C65/mj/m/n on input line 54.
LaTeX Font Info:    ... okay on input line 54.
LaTeX Font Info:    Checking defaults for C70/song/m/n on input line 54.
LaTeX Font Info:    ... okay on input line 54.
LaTeX Font Info:    Checking defaults for C31/song/m/n on input line 54.
LaTeX Font Info:    ... okay on input line 54.
LaTeX Font Info:    Checking defaults for C32/song/m/n on input line 54.
LaTeX Font Info:    ... okay on input line 54.
LaTeX Font Info:    Checking defaults for C33/song/m/n on input line 54.
LaTeX Font Info:    ... okay on input line 54.
LaTeX Font Info:    Checking defaults for C34/song/m/n on input line 54.
LaTeX Font Info:    ... okay on input line 54.
LaTeX Font Info:    Checking defaults for C35/song/m/n on input line 54.
LaTeX Font Info:    ... okay on input line 54.
LaTeX Font Info:    Checking defaults for C36/song/m/n on input line 54.
LaTeX Font Info:    ... okay on input line 54.
LaTeX Font Info:    Checking defaults for C37/song/m/n on input line 54.
LaTeX Font Info:    ... okay on input line 54.
LaTeX Font Info:    Checking defaults for C80/song/m/n on input line 54.
LaTeX Font Info:    ... okay on input line 54.
LaTeX Font Info:    Checking defaults for C81/song/m/n on input line 54.
LaTeX Font Info:    ... okay on input line 54.
LaTeX Font Info:    Checking defaults for C01/song/m/n on input line 54.
LaTeX Font Info:    ... okay on input line 54.
LaTeX Font Info:    Checking defaults for C11/song/m/n on input line 54.
LaTeX Font Info:    ... okay on input line 54.
LaTeX Font Info:    Checking defaults for C21/song/m/n on input line 54.
LaTeX Font Info:    ... okay on input line 54.
LaTeX Font Info:    Checking defaults for C41/song/m/n on input line 54.
LaTeX Font Info:    ... okay on input line 54.
LaTeX Font Info:    Checking defaults for C62/song/m/n on input line 54.
LaTeX Font Info:    ... okay on input line 54.

*geometry* driver: auto-detecting
*geometry* detected driver: pdftex
*geometry* verbose mode - [ preamble ] result:
* driver: pdftex
* paper: a4paper
* layout: <same size as paper>
* layoutoffset:(h,v)=(0.0pt,0.0pt)
* modes: 
* h-part:(L,W,R)=(62.59605pt, 472.31577pt, 62.59605pt)
* v-part:(T,H,B)=(56.9055pt, 739.77167pt, 48.36967pt)
* \paperwidth=597.50787pt
* \paperheight=845.04684pt
* \textwidth=472.31577pt
* \textheight=739.77167pt
* \oddsidemargin=-9.67393pt
* \evensidemargin=-9.67393pt
* \topmargin=-45.43613pt
* \headheight=13.0pt
* \headsep=17.07164pt
* \topskip=10.0pt
* \footskip=28.45274pt
* \marginparwidth=0.0pt
* \marginparsep=0.0pt
* \columnsep=20.0pt
* \skip\footins=16.0pt plus 5.0pt minus 2.0pt
* \hoffset=0.0pt
* \voffset=0.0pt
* \mag=1000
* \@twocolumnfalse
* \@twosidefalse
* \@mparswitchfalse
* \@reversemarginfalse
* (1in=72.27pt=25.4mm, 1cm=28.453pt)

(/usr/share/texmf/tex/latex/CJK/UTF8/UTF8.enc
File: UTF8.enc 2021/10/16 4.8.5
) (/usr/share/texmf/tex/latex/CJK/UTF8/UTF8.chr
File: UTF8.chr 2021/10/16 4.8.5
) (/usr/share/texlive/texmf-dist/tex/latex/graphics/graphicx.sty
Package: graphicx 2021/09/16 v1.2d Enhanced LaTeX Graphics (DPC,SPQR)
 (/usr/share/texlive/texmf-dist/tex/latex/graphics/graphics.sty
Package: graphics 2022/03/10 v1.4e Standard LaTeX Graphics (DPC,SPQR)
 (/usr/share/texlive/texmf-dist/tex/latex/graphics/trig.sty
Package: trig 2021/08/11 v1.11 sin cos tan (DPC)
) (/usr/share/texlive/texmf-dist/tex/latex/graphics-cfg/graphics.cfg
File: graphics.cfg 2016/06/04 v1.11 sample graphics configuration
)
Package graphics Info: Driver file: pdftex.def on input line 107.
)
\Gin@req@height=\dimen256
\Gin@req@width=\dimen257
) (/usr/share/texlive/texmf-dist/tex/context/base/mkii/supp-pdf.mkii
[Loading MPS to PDF converter (version 2006.09.02).]
\scratchcounter=\count296
\scratchdimen=\dimen258
\scratchbox=\box60
\nofMPsegments=\count297
\nofMParguments=\count298
\everyMPshowfont=\toks30
\MPscratchCnt=\count299
\MPscratchDim=\dimen259
\MPnumerator=\count300
\makeMPintoPDFobject=\count301
\everyMPtoPDFconversion=\toks31
) (/usr/share/texlive/texmf-dist/tex/latex/epstopdf-pkg/epstopdf-base.sty
Package: epstopdf-base 2020-01-24 v2.11 Base part for package epstopdf
Package epstopdf-base Info: Redefining graphics rule for `.eps' on input line 485.
 (/usr/share/texlive/texmf-dist/tex/latex/latexconfig/epstopdf-sys.cfg
File: epstopdf-sys.cfg 2010/07/13 v1.3 Configuration of (r)epstopdf for TeX Live
))
LaTeX Font Info:    Trying to load font information for C70+ipxm on input line 55.
 (/usr/share/texlive/texmf-dist/tex/latex/ipaex-type1/c70ipxm.fd
File: c70ipxm.fd 2018/05/05 v0.5
) (/usr/share/texlive/texmf-dist/tex/latex/ipaex-type1/c70ipxm.fdx
File: c70ipxm.fdx 2018/05/05 v0.5
)
Package CJKpunct Info: punctuation spaces for family 'ipxm' do not exist. Use family 'def' instead. on input line 55.
LaTeX Font Info:    Trying to load font information for OT1+lmss on input line 59.
 (/usr/share/texmf/tex/latex/lm/ot1lmss.fd
File: ot1lmss.fd 2015/05/01 v1.6.1 Font defs for Latin Modern
)
LaTeX Font Info:    Trying to load font information for C70+ipxg on input line 59.
 (/usr/share/texlive/texmf-dist/tex/latex/ipaex-type1/c70ipxg.fd
File: c70ipxg.fd 2018/05/05 v0.5
) (/usr/share/texlive/texmf-dist/tex/latex/ipaex-type1/c70ipxg.fdx
File: c70ipxg.fdx 2018/05/05 v0.5
)
Package CJKpunct Info: punctuation spaces for family 'ipxg' do not exist. Use family 'def' instead. on input line 59.
LaTeX Font Info:    Trying to load font information for TS1+lmr on input line 65.
 (/usr/share/texmf/tex/latex/lm/ts1lmr.fd
File: ts1lmr.fd 2015/05/01 v1.6.1 Font defs for Latin Modern
) (/usr/share/texmf/tex/latex/lm/omllmm.fd) (/usr/share/texmf/tex/latex/lm/omslmsy.fd) (/usr/share/texmf/tex/latex/lm/omxlmex.fd) (/usr/share/texlive/texmf-dist/tex/latex/amsfonts/umsa.fd) (/usr/share/texlive/texmf-dist/tex/latex/amsfonts/umsb.fd) [1{/var/lib/texmf/fonts/map/pdftex/updmap/pdftex.map}{/usr/share/texlive/texmf-dist/fonts/enc/dvips/ipaex-type1/ipxt1-u89.enc}{/usr/share/texlive/texmf-dist/fonts/enc/dvips/ipaex-type1/ipxt1-u67.enc}{/usr/share/texlive/texmf-dist/fonts/enc/dvips/ipaex-type1/ipxt1-u5b.enc}{/usr/share/texmf/fonts/enc/dvips/lm/lm-rm.enc}{/usr/share/texlive/texmf-dist/fonts/enc/dvips/ipaex-type1/ipxt1-u30.enc}{/usr/share/texlive/texmf-dist/fonts/enc/dvips/ipaex-type1/ipxt1-u63.enc}{/usr/share/texlive/texmf-dist/fonts/enc/dvips/ipaex-type1/ipxt1-u69.enc}{/usr/share/texlive/texmf-dist/fonts/enc/dvips/ipaex-type1/ipxt1-u7d.enc}{/usr/share/texlive/texmf-dist/fonts/enc/dvips/ipaex-type1/ipxt1-u6f.enc}{/usr/share/texlive/texmf-dist/fonts/enc/dvips/ipaex-type1/ipxt1-u7f.enc}{/usr/share/texlive/texmf-dist/fonts/enc/dvips/ipaex-type1/ipxt1-u7b.enc}{/usr/share/texlive/texmf-dist/fonts/enc/dvips/ipaex-type1/ipxt1-u56.enc}

{/usr/share/texlive/texmf-dist/fonts/enc/dvips/ipaex-type1/ipxt1-u5e.enc}{/usr/share/texlive/texmf-dist/fonts/enc/dvips/ipaex-type1/ipxt1-u51.enc}{/usr/share/texlive/texmf-dist/fonts/enc/dvips/ipaex-type1/ipxt1-u8b.enc}{/usr/share/texlive/texmf-dist/fonts/enc/dvips/ipaex-type1/ipxt1-u62.enc}{/usr/share/texlive/texmf-dist/fonts/enc/dvips/ipaex-type1/ipxt1-u5f.enc}{/usr/share/texlive/texmf-dist/fonts/enc/dvips/ipaex-type1/ipxt1-uff.enc}{/usr/share/texlive/texmf-dist/fonts/enc/dvips/ipaex-type1/ipxt1-u4e.enc}{/usr/share/texlive/texmf-dist/fonts/enc/dvips/ipaex-type1/ipxt1-u5c.enc}{/usr/share/texlive/texmf-dist/fonts/enc/dvips/ipaex-type1/ipxt1-u79.enc}{/usr/share/texlive/texmf-dist/fonts/enc/dvips/ipaex-type1/ipxt1-u59.enc}{/usr/share/texlive/texmf-dist/fonts/enc/dvips/ipaex-type1/ipxt1-u65.enc}{/usr/share/texlive/texmf-dist/fonts/enc/dvips/ipaex-type1/ipxt1-u95.enc}{/usr/share/texlive/texmf-dist/fonts/enc/dvips/ipaex-type1/ipxt1-u7a.enc}{/usr/share/texlive/texmf-dist/fonts/enc/dvips/ipaex-type1/ipxt1-u52.enc}{/usr/share/texlive/texmf-dist/fonts/enc/dvips/ipaex-type1/ipxt1-u90.enc}{/usr/share/texlive/texmf-dist/fonts/enc/dvips/ipaex-type1/ipxt1-u91.enc}{/usr/share/texlive/texmf-dist/fonts/enc/dvips/ipaex-type1/ipxt1-u8a.enc}{/usr/share/texlive/texmf-dist/fonts/enc/dvips/ipaex-type1/ipxt1-u66.enc}{/usr/share/texlive/texmf-dist/fonts/enc/dvips/ipaex-type1/ipxt1-u97.enc}{/usr/share/texlive/texmf-dist/fonts/enc/dvips/ipaex-type1/ipxt1-u74.enc}{/usr/share/texlive/texmf-dist/fonts/enc/dvips/ipaex-type1/ipxt1-u76.enc}{/usr/share/texlive/texmf-dist/fonts/enc/dvips/ipaex-type1/ipxt1-u6a.enc}{/usr/share/texmf/fonts/enc/dvips/lm/lm-ts1.enc}{/usr/share/texlive/texmf-dist/fonts/enc/dvips/ipaex-type1/ipxt1-u98.enc}{/usr/share/texlive/texmf-dist/fonts/enc/dvips/ipaex-type1/ipxt1-u57.enc}{/usr/share/texlive/texmf-dist/fonts/enc/dvips/ipaex-type1/ipxt1-u6b.enc}{/usr/share/texlive/texmf-dist/fonts/enc/dvips/ipaex-type1/ipxt1-u75.enc}{/usr/share/texlive/texmf-dist/fonts/enc/dvips/ipaex-type1/ipxt1-u58.enc}{/usr/share/texlive/texmf-dist/fonts/enc/dvips/ipaex-type1/ipxt1-u4f.enc}{/usr/share/texlive/texmf-dist/fonts/enc/dvips/ipaex-type1/ipxt1-u9a.enc}{/usr/share/texlive/texmf-dist/fonts/enc/dvips/ipaex-type1/ipxt1-u77.enc}{/usr/share/texlive/texmf-dist/fonts/enc/dvips/ipaex-type1/ipxt1-u54.enc}{/usr/share/texlive/texmf-dist/fonts/enc/dvips/ipaex-type1/ipxt1-u78.enc}{/usr/share/texlive/texmf-dist/fonts/enc/dvips/ipaex-type1/ipxt1-u55.enc}{/usr/share/texlive/texmf-dist/fonts/enc/dvips/ipaex-type1/ipxt1-u8c.enc}{/usr/share/texlive/texmf-dist/fonts/enc/dvips/ipaex-type1/ipxt1-u7e.enc}{/usr/share/texmf/fonts/enc/dvips/lm/lm-mathex.enc}{/usr/share/texmf/fonts/enc/dvips/lm/lm-mathit.enc}] [2{/usr/share/texlive/texmf-dist/fonts/enc/dvips/ipaex-type1/ipxt1-u6e.enc}{/usr/share/texmf/fonts/enc/dvips/lm/lm-mathsy.enc}{/usr/share/texlive/texmf-dist/fonts/enc/dvips/ipaex-type1/ipxt1-u6c.enc}{/usr/share/texlive/texmf-dist/fonts/enc/dvips/ipaex-type1/ipxt1-u53.enc}{/usr/share/texlive/texmf-dist/fonts/enc/dvips/ipaex-type1/ipxt1-u80.enc}{/usr/share/texlive/texmf-dist/fonts/enc/dvips/ipaex-type1/ipxt1-u8f.enc}{/usr/share/texlive/texmf-dist/fonts/enc/dvips/ipaex-type1/ipxt1-u50.enc}{/usr/share/texlive/texmf-dist/fonts/enc/dvips/ipaex-type1/ipxt1-u96.enc}{/usr/share/texlive/texmf-dist/fonts/enc/dvips/ipaex-type1/ipxt1-u70.enc}{/usr/share/texlive/texmf-dist/fonts/enc/dvips/ipaex-type1/ipxt1-u68.enc}] [3{/usr/share/texlive/texmf-dist/fonts/enc/dvips/ipaex-type1/ipxt1-u61.enc}{/usr/share/texlive/texmf-dist/fonts/enc/dvips/ipaex-type1/ipxt1-u88.enc}] 
enddocument/afterlastpage: lastpage setting LastPage.
(./class1_handout.aux)
 ***********
LaTeX2e <2023-11-01> patch level 1
L3 programming layer <2024-01-22>
 ***********
 ) 
Here is how much of TeX's memory you used:
 10642 strings out of 475589
 168864 string characters out of 5782861
 1949975 words of memory out of 5000000
 32331 multiletter control sequences out of 15000+600000
 625866 words of font info for 217 fonts, out of 8000000 for 9000
 314 hyphenation exceptions out of 8191
 87i,12n,86p,299b,641s stack positions out of 10000i,1000n,20000p,200000b,200000s
</usr/share/texlive/texmf-dist/fonts/type1/public/ipaex-type1/ipxg-r-u30.pfb></usr/share/texlive/texmf-dist/fonts/type1/public/ipaex-type1/ipxg-r-u4e.pfb></usr/share/texlive/texmf-dist/fonts/type1/public/ipaex-type1/ipxg-r-u4f.pfb></usr/share/texlive/texmf-dist/fonts/type1/public/ipaex-type1/ipxg-r-u51.pfb></usr/share/texlive/texmf-dist/fonts/type1/public/ipaex-type1/ipxg-r-u52.pfb></usr/share/texlive/texmf-dist/fonts/type1/public/ipaex-type1/ipxg-r-u55.pfb></usr/share/texlive/texmf-dist/fonts/type1/public/ipaex-type1/ipxg-r-u57.pfb></usr/share/texlive/texmf-dist/fonts/type1/public/ipaex-type1/ipxg-r-u5b.pfb></usr/share/texlive/texmf-dist/fonts/type1/public/ipaex-type1/ipxg-r-u5c.pfb></usr/share/texlive/texmf-dist/fonts/type1/public/ipaex-type1/ipxg-r-u5f.pfb></usr/share/texlive/texmf-dist/fonts/type1/public/ipaex-type1/ipxg-r-u62.pfb></usr/share/texlive/texmf-dist/fonts/type1/public/ipaex-type1/ipxg-r-u63.pfb></usr/share/texlive/texmf-dist/fonts/type1/public/ipaex-type1/ipxg-r-u65.pfb></usr/share/texlive/texmf-dist/fonts/type1/public/ipaex-type1/ipxg-r-u67.pfb></usr/share/texlive/texmf-dist/fonts/type1/public/ipaex-type1/ipxg-r-u69.pfb></usr/share/texlive/texmf-dist/fonts/type1/public/ipaex-type1/ipxg-r-u6a.pfb></usr/share/texlive/texmf-dist/fonts/type1/public/ipaex-type1/ipxg-r-u6f.pfb></usr/share/texlive/texmf-dist/fonts/type1/public/ipaex-type1/ipxg-r-u75.pfb></usr/share/texlive/texmf-dist/fonts/type1/public/ipaex-type1/ipxg-r-u76.pfb></usr/share/texlive/texmf-dist/fonts/type1/public/ipaex-type1/ipxg-r-u77.pfb></usr/share/texlive/texmf-dist/fonts/type1/public/ipaex-type1/ipxg-r-u79.pfb></usr/share/texlive/texmf-dist/fonts/type1/public/ipaex-type1/ipxg-r-u7a.pfb></usr/share/texlive/texmf-dist/fonts/type1/public/ipaex-type1/ipxg-r-u7b.pfb></usr/share/texlive/texmf-dist/fonts/type1/public/ipaex-type1/ipxg-r-u7e.pfb></usr/share/texlive/texmf-dist/fonts/type1/public/ipaex-type1/ipxg-r-u7f.pfb></usr/share/texlive/texmf-dist/fonts/type1/public/ipaex-type1/ipxg-r-u89.pfb></usr/share/texlive/texmf-dist/fonts/type1/public/ipaex-type1/ipxg-r-u8a.pfb></usr/share/texlive/texmf-dist/fonts/type1/public/ipaex-type1/ipxg-r-u8b.pfb></usr/share/texlive/texmf-dist/fonts/type1/public/ipaex-type1/ipxg-r-u90.pfb></usr/share/texlive/texmf-dist/fonts/type1/public/ipaex-type1/ipxg-r-u95.pfb></usr/share/texlive/texmf-dist/fonts/type1/public/ipaex-type1/ipxg-r-u98.pfb></usr/share/texlive/texmf-dist/fonts/type1/public/ipaex-type1/ipxg-r-uff.pfb></usr/share/texlive/texmf-dist/fonts/type1/public/ipaex-type1/ipxm-r-u30.pfb></usr/share/texlive/texmf-dist/fonts/type1/public/ipaex-type1/ipxm-r-u4e.pfb></usr/share/texlive/texmf-dist/fonts/type1/public/ipaex-type1/ipxm-r-u4f.pfb></usr/share/texlive/texmf-dist/fonts/type1/public/ipaex-type1/ipxm-r-u50.pfb></usr/share/texlive/texmf-dist/fonts/type1/public/ipaex-type1/ipxm-r-u51.pfb></usr/share/texlive/texmf-dist/fonts/type1/public/ipaex-type1/ipxm-r-u52.pfb></usr/share/texlive/texmf-dist/fonts/type1/public/ipaex-type1/ipxm-r-u53.pfb></usr/share/texlive/texmf-dist/fonts/type1/public/ipaex-type1/ipxm-r-u54.pfb></usr/share/texlive/texmf-dist/fonts/type1/public/ipaex-type1/ipxm-r-u55.pfb></usr/share/texlive/texmf-dist/fonts/type1/public/ipaex-type1/ipxm-r-u56.pfb></usr/share/texlive/texmf-dist/fonts/type1/public/ipaex-type1/ipxm-r-u57.pfb></usr/share/texlive/texmf-dist/fonts/type1/public/ipaex-type1/ipxm-r-u58.pfb></usr/share/texlive/texmf-dist/fonts/type1/public/ipaex-type1/ipxm-r-u59.pfb></usr/share/texlive/texmf-dist/fonts/type1/public/ipaex-type1/ipxm-r-u5b.pfb></usr/share/texlive/texmf-dist/fonts/type1/public/ipaex-type1/ipxm-r-u5c.pfb></usr/share/texlive/texmf-dist/fonts/type1/public/ipaex-type1/ipxm-r-u5e.pfb></usr/share/texlive/texmf-dist/fonts/type1/public/ipaex-type1/ipxm-r-u5f.pfb></usr/share/texlive/texmf-dist/fonts/type1/public/ipaex-type1/ipxm-r-u61.pfb></usr/share/texlive/texmf-dist/fonts/type1/public/ipaex-type1/ipxm-r-u62.pfb></usr/share/texlive/texmf-dist/fonts/type1/public/ipaex-type1/ipxm-r-u63.pfb></usr/share/texlive/texmf-dist/fonts/type1/public/ipaex-type1/ipxm-r-u65.pfb></usr/share/texlive/texmf-dist/fonts/type1/public/ipaex-type1/ipxm-r-u66.pfb></usr/share/texlive/texmf-dist/fonts/type1/public/ipaex-type1/ipxm-r-u67.pfb></usr/share/texlive/texmf-dist/fonts/type1/public/ipaex-type1/ipxm-r-u68.pfb></usr/share/texlive/texmf-dist/fonts/type1/public/ipaex-type1/ipxm-r-u69.pfb></usr/share/texlive/texmf-dist/fonts/type1/public/ipaex-type1/ipxm-r-u6a.pfb></usr/share/texlive/texmf-dist/fonts/type1/public/ipaex-type1/ipxm-r-u6b.pfb></usr/share/texlive/texmf-dist/fonts/type1/public/ipaex-type1/ipxm-r-u6c.pfb></usr/share/texlive/texmf-dist/fonts/type1/public/ipaex-type1/ipxm-r-u6e.pfb></usr/share/texlive/texmf-dist/fonts/type1/public/ipaex-type1/ipxm-r-u6f.pfb></usr/share/texlive/texmf-dist/fonts/type1/public/ipaex-type1/ipxm-r-u70.pfb></usr/share/texlive/texmf-dist/fonts/type1/public/ipaex-type1/ipxm-r-u74.pfb></usr/share/texlive/texmf-dist/fonts/type1/public/ipaex-type1/ipxm-r-u75.pfb></usr/share/texlive/texmf-dist/fonts/type1/public/ipaex-type1/ipxm-r-u76.pfb></usr/share/texlive/texmf-dist/fonts/type1/public/ipaex-type1/ipxm-r-u78.pfb></usr/share/texlive/texmf-dist/fonts/type1/public/ipaex-type1/ipxm-r-u79.pfb></usr/share/texlive/texmf-dist/fonts/type1/public/ipaex-type1/ipxm-r-u7a.pfb></usr/share/texlive/texmf-dist/fonts/type1/public/ipaex-type1/ipxm-r-u7b.pfb></usr/share/texlive/texmf-dist/fonts/type1/public/ipaex-type1/ipxm-r-u7d.pfb></usr/share/texlive/texmf-dist/fonts/type1/public/ipaex-type1/ipxm-r-u7e.pfb></usr/share/texlive/texmf-dist/fonts/type1/public/ipaex-type1/ipxm-r-u7f.pfb></usr/share/texlive/texmf-dist/fonts/type1/public/ipaex-type1/ipxm-r-u80.pfb></usr/share/texlive/texmf-dist/fonts/type1/public/ipaex-type1/ipxm-r-u88.pfb></usr/share/texlive/texmf-dist/fonts/type1/public/ipaex-type1/ipxm-r-u89.pfb></usr/share/texlive/texmf-dist/fonts/type1/public/ipaex-type1/ipxm-r-u8a.pfb></usr/share/texlive/texmf-dist/fonts/type1/public/ipaex-type1/ipxm-r-u8b.pfb></usr/share/texlive/texmf-dist/fonts/type1/public/ipaex-type1/ipxm-r-u8c.pfb></usr/share/texlive/texmf-dist/fonts/type1/public/ipaex-type1/ipxm-r-u8f.pfb></usr/share/texlive/texmf-dist/fonts/type1/public/ipaex-type1/ipxm-r-u90.pfb></usr/share/texlive/texmf-dist/fonts/type1/public/ipaex-type1/ipxm-r-u91.pfb></usr/share/texlive/texmf-dist/fonts/type1/public/ipaex-type1/ipxm-r-u95.pfb></usr/share/texlive/texmf-dist/fonts/type1/public/ipaex-type1/ipxm-r-u96.pfb></usr/share/texlive/texmf-dist/fonts/type1/public/ipaex-type1/ipxm-r-u97.pfb></usr/share/texlive/texmf-dist/fonts/type1/public/ipaex-type1/ipxm-r-u98.pfb></usr/share/texlive/texmf-dist/fonts/type1/public/ipaex-type1/ipxm-r-u9a.pfb></usr/share/texlive/texmf-dist/fonts/type1/public/ipaex-type1/ipxm-r-uff.pfb></usr/share/texmf/fonts/type1/public/lm/lmex10.pfb></usr/share/texmf/fonts/type1/public/lm/lmmi10.pfb></usr/share/texmf/fonts/type1/public/lm/lmmi7.pfb></usr/share/texmf/fonts/type1/public/lm/lmr10.pfb></usr/share/texmf/fonts/type1/public/lm/lmr12.pfb></usr/share/texmf/fonts/type1/public/lm/lmr7.pfb></usr/share/texmf/fonts/type1/public/lm/lmr9.pfb></usr/share/texmf/fonts/type1/public/lm/lmsy10.pfb></usr/share/texmf/fonts/type1/public/lm/lmsy7.pfb></usr/share/texlive/texmf-dist/fonts/type1/public/amsfonts/symbols/msbm10.pfb>
Output written on class1_handout.pdf (3 pages, 676074 bytes).
PDF statistics:
 629 PDF objects out of 1000 (max. 8388607)
 366 compressed objects within 4 object streams
 0 named destinations out of 1000 (max. 500000)
 229 words of extra memory for PDF output out of 10000 (max. 10000000)

