\BOOKMARK [1][-]{section.1}{\376\377\170\272\163\207\212\326\060\156\127\372\171\016\377\032\153\164\123\362\060\001\060\263\060\244\060\363\142\225\060\122\060\001\000s\000i\000g\000m\000a\000-\122\240\154\325\145\317}{}% 1
\BOOKMARK [2][-]{subsection.1.1}{\376\377\170\272\163\207\212\326\060\156\153\164\123\362}{section.1}% 2
\BOOKMARK [2][-]{subsection.1.2}{\376\377\147\011\226\120\152\031\147\054\172\172\225\223}{section.1}% 3
\BOOKMARK [2][-]{subsection.1.3}{\376\377\060\152\060\134\226\306\124\010\145\317\060\114\137\305\211\201\060\113}{section.1}% 4
\BOOKMARK [1][-]{section.2}{\376\377\170\272\163\207\131\011\145\160\377\032\152\031\147\054\172\172\225\223\060\113\060\211\211\263\156\054\120\044\060\170\060\156\121\231\120\317}{}% 5
\BOOKMARK [2][-]{subsection.2.1}{\376\377\147\011\226\120\170\272\163\207\172\172\225\223\060\147\060\156\170\272\163\207\131\011\145\160}{section.2}% 6
\BOOKMARK [2][-]{subsection.2.2}{\376\377\116\000\202\054\060\156\170\272\163\207\131\011\145\160\060\150\123\357\156\054\140\047}{section.2}% 7
\BOOKMARK [1][-]{section.3}{\376\377\147\037\137\205\120\044\060\150\172\115\122\006\377\032\147\011\226\120\124\214\060\113\060\211\000\040\000L\000e\000b\000e\000s\000g\000u\000e\000\040\172\115\122\006\060\170}{}% 8
\BOOKMARK [2][-]{subsection.3.1}{\376\377\147\011\226\120\170\272\163\207\172\172\225\223\060\147\060\156\147\037\137\205\120\044}{section.3}% 9
\BOOKMARK [2][-]{subsection.3.2}{\376\377\227\136\214\240\170\272\163\207\131\011\145\160\060\156\147\037\137\205\120\044}{section.3}% 10
\BOOKMARK [2][-]{subsection.3.3}{\376\377\123\316\147\137\133\232\164\006}{section.3}% 11
\BOOKMARK [2][-]{subsection.3.4}{\376\377\122\006\136\003\060\140\060\121\060\147\147\037\137\205\120\044\060\222\212\010\173\227\060\131\060\213}{section.3}% 12
\BOOKMARK [1][-]{section.4}{\376\377\162\354\172\313\140\047\060\001\121\161\122\006\145\143}{}% 13
\BOOKMARK [2][-]{subsection.4.1}{\376\377\116\214\060\144\060\156\170\272\163\207\131\011\145\160\060\156\162\354\172\313\140\047}{section.4}% 14
\BOOKMARK [2][-]{subsection.4.2}{\376\377\123\357\156\054\121\231\120\317\060\153\060\210\060\213\162\354\172\313\140\047\060\156\117\335\133\130}{section.4}% 15
\BOOKMARK [2][-]{subsection.4.3}{\376\377\122\006\145\143\060\150\121\161\122\006\145\143}{section.4}% 16
\BOOKMARK [2][-]{subsection.4.4}{\376\377\000p\000a\000i\000r\000w\000i\000s\000e\000\040\162\354\172\313\060\150\000\040\000m\000u\000t\000u\000a\000l\000\040\162\354\172\313}{section.4}% 17
\BOOKMARK [1][-]{section.5}{\376\377\116\343\210\150\166\204\060\152\170\272\163\207\122\006\136\003}{}% 18
\BOOKMARK [2][-]{subsection.5.1}{\376\377\122\006\136\003\156\054\136\246\060\150\133\306\136\246}{section.5}% 19
\BOOKMARK [2][-]{subsection.5.2}{\376\377\226\342\145\143\122\006\136\003}{section.5}% 20
\BOOKMARK [2][-]{subsection.5.3}{\376\377\220\043\175\232\122\006\136\003}{section.5}% 21
\BOOKMARK [1][-]{section.6}{\376\377\116\214\230\005\122\006\136\003\060\113\060\211\153\143\211\217\122\006\136\003\060\170\377\032\000d\000e\000\040\000M\000o\000i\000v\000r\000e\040\023\000L\000a\000p\000l\000a\000c\000e\000\040\060\150\000\040\000C\000L\000T}{}% 22
\BOOKMARK [2][-]{subsection.6.1}{\376\377\116\214\230\005\122\006\136\003\060\156\116\055\137\303\060\150\136\105}{section.6}% 23
\BOOKMARK [2][-]{subsection.6.2}{\376\377\000S\000t\000i\000r\000l\000i\000n\000g\000\040\121\154\137\017\060\150\134\100\142\100\217\321\117\074}{section.6}% 24
\BOOKMARK [2][-]{subsection.6.3}{\376\377\122\006\136\003\225\242\145\160\060\170\060\156\171\373\210\114}{section.6}% 25
\BOOKMARK [2][-]{subsection.6.4}{\376\377\153\143\211\217\122\006\136\003\060\150\000\040\000G\000a\000u\000s\000s\000\040\172\115\122\006}{section.6}% 26
\BOOKMARK [1][-]{section.7}{\376\377\162\171\140\047\225\242\145\160\060\150\000\040\000F\000o\000u\000r\000i\000e\000r\000\040\211\343\147\220}{}% 27
\BOOKMARK [2][-]{subsection.7.1}{\376\377\162\171\140\047\225\242\145\160}{section.7}% 28
\BOOKMARK [2][-]{subsection.7.2}{\376\377\122\006\136\003\060\222\162\171\137\264\060\145\060\121\060\213}{section.7}% 29
\BOOKMARK [2][-]{subsection.7.3}{\376\377\153\143\122\107\123\026\060\125\060\214\060\137\000\040\000F\000o\000u\000r\000i\000e\000r\000\040\220\006\131\011\143\333}{section.7}% 30
\BOOKMARK [2][-]{subsection.7.4}{\376\377\000L\000\351\000v\000y\000\040\060\156\220\043\175\232\140\047\133\232\164\006}{section.7}% 31
\BOOKMARK [1][-]{section.8}{\376\377\170\272\163\207\131\011\145\160\122\027\060\156\116\011\060\144\060\156\123\316\147\137}{}% 32
\BOOKMARK [2][-]{subsection.8.1}{\376\377\151\202\123\316\147\137}{section.8}% 33
\BOOKMARK [2][-]{subsection.8.2}{\376\377\170\272\163\207\123\316\147\137}{section.8}% 34
\BOOKMARK [2][-]{subsection.8.3}{\376\377\122\006\136\003\123\316\147\137}{section.8}% 35
\BOOKMARK [2][-]{subsection.8.4}{\376\377\157\024\173\227\060\150\060\156\225\242\117\302}{section.8}% 36
\BOOKMARK [1][-]{section.9}{\376\377\137\061\123\316\147\137\060\001\000t\000i\000g\000h\000t\000n\000e\000s\000s\060\156\133\232\164\006}{}% 37
\BOOKMARK [2][-]{subsection.9.1}{\376\377\000P\000o\000r\000t\000m\000a\000n\000t\000e\000a\000u\000\040\060\156\133\232\164\006}{section.9}% 38
\BOOKMARK [2][-]{subsection.9.2}{\376\377\000t\000i\000g\000h\000t\000n\000e\000s\000s}{section.9}% 39
\BOOKMARK [1][-]{section.10}{\376\377\131\047\145\160\060\156\154\325\122\107\060\150\116\000\202\054\060\156\116\055\137\303\151\165\226\120\133\232\164\006}{}% 40
\BOOKMARK [2][-]{subsection.10.1}{\376\377\000M\000a\000r\000k\000o\000v\000\040\060\150\000\040\000C\000h\000e\000b\000y\000s\000h\000e\000v\000\040\060\156\116\015\173\111\137\017}{section.10}% 41
\BOOKMARK [2][-]{subsection.10.2}{\376\377\137\061\131\047\145\160\060\156\154\325\122\107}{section.10}% 42
\BOOKMARK [2][-]{subsection.10.3}{\376\377\137\067\131\047\145\160\060\156\154\325\122\107\060\156\116\000\060\144\060\156\123\101\122\006\147\141\116\366}{section.10}% 43
\BOOKMARK [2][-]{subsection.10.4}{\376\377\116\000\202\054\060\156\116\055\137\303\151\165\226\120\133\232\164\006}{section.10}% 44
\BOOKMARK [1][-]{section.11}{\376\377\147\141\116\366\116\330\060\115\147\037\137\205\120\044\377\032\140\305\130\061\060\153\225\242\060\131\060\213\136\163\127\107}{}% 45
\BOOKMARK [2][-]{subsection.11.1}{\376\377\147\011\226\120\170\272\163\207\172\172\225\223\060\147\060\156\147\141\116\366\116\330\060\115\122\006\136\003}{section.11}% 46
\BOOKMARK [2][-]{subsection.11.2}{\376\377\147\011\226\120\117\213}{section.11}% 47
\BOOKMARK [2][-]{subsection.11.3}{\376\377\000-\122\240\154\325\145\317\060\153\225\242\060\131\060\213\133\232\177\251}{section.11}% 48
\BOOKMARK [2][-]{subsection.11.4}{\376\377\127\372\147\054\140\047\214\352}{section.11}% 49
\BOOKMARK [1][-]{section.12}{\376\377\000K\000o\000l\000m\000o\000g\000o\000r\000o\000v\000\040\060\156\142\341\137\065\133\232\164\006\060\150\161\041\226\120\126\336\060\156\212\146\210\114}{}% 50
\BOOKMARK [2][-]{subsection.12.1}{\376\377\060\152\060\134\147\011\226\120\060\342\060\307\060\353\060\140\060\121\060\147\060\157\215\263\060\212\060\152\060\104\060\113}{section.12}% 51
\BOOKMARK [2][-]{subsection.12.2}{\376\377\121\206\173\122\226\306\124\010\060\150\145\164\124\010\140\047}{section.12}% 52
\BOOKMARK [2][-]{subsection.12.3}{\376\377\131\026\156\054\136\246\060\153\060\210\060\213\142\341\137\065}{section.12}% 53
\BOOKMARK [2][-]{subsection.12.4}{\376\377\123\316\147\137\133\232\164\006\060\156\121\215\170\272\212\215}{section.12}% 54
