This is pdfTeX, Version 3.141592653-2.6-1.40.28 (TeX Live 2025) (preloaded format=pdflatex 2026.2.1)  5 OCT 2026 21:21
entering extended mode
 restricted \write18 enabled.
 file:line:error style messages enabled.
 %&-line parsing enabled.
**c:/Users/Public/Github/Lectures/PT26w/class1/class1.tex
(c:/Users/Public/Github/Lectures/PT26w/class1/class1.tex
LaTeX2e <2025-11-01>
L3 programming layer <2026-01-19>
(c:/texlive/2025/texmf-dist/tex/latex/bxjscls/bxjsarticle.cls
Document Class: bxjsarticle 2025/06/06 v2.9d BXJS document classes
(c:/texlive/2025/texmf-dist/tex/latex/tools/calc.sty
Package: calc 2025/03/01 v4.3b Infix arithmetic (KKT,FJ)
\calc@Acount=\count275
\calc@Bcount=\count276
\calc@Adimen=\dimen148
\calc@Bdimen=\dimen149
\calc@Askip=\skip49
\calc@Bskip=\skip50
LaTeX Info: Redefining \setlength on input line 86.
LaTeX Info: Redefining \addtolength on input line 87.
\calc@Ccount=\count277
\calc@Cskip=\skip51
) (c:/texlive/2025/texmf-dist/tex/latex/graphics/keyval.sty
Package: keyval 2022/05/29 v1.15 key=value parser (DPC)
\KV@toks@=\toks17
) (c:/texlive/2025/texmf-dist/tex/generic/iftex/iftex.sty
Package: iftex 2024/12/12 v1.0g TeX engine tests
) (c:/texlive/2025/texmf-dist/tex/latex/bxjscls/bxjscompat.sty
Package: bxjscompat 2025/06/06 v2.9d BXJS document classes
)
\jsc@mpt=\dimen150
\jsc@mmm=\dimen151
\jsZw=\dimen152
\jsc@smallskipamount=\skip52
\Cht=\dimen153
\Cdp=\dimen154
\Cwd=\dimen155
\Cvs=\dimen156
\Chs=\dimen157
\fullwidth=\dimen158
 (c:/texlive/2025/texmf-dist/tex/latex/geometry/geometry.sty
Package: geometry 2020/01/02 v5.9 Page Geometry
 (c:/texlive/2025/texmf-dist/tex/generic/iftex/ifvtex.sty
Package: ifvtex 2019/10/25 v1.7 ifvtex legacy package. Use iftex instead.
)
\Gm@cnth=\count278
\Gm@cntv=\count279
\c@Gm@tempcnt=\count280
\Gm@bindingoffset=\dimen159
\Gm@wd@mp=\dimen160
\Gm@odd@mp=\dimen161
\Gm@even@mp=\dimen162
\Gm@layoutwidth=\dimen163
\Gm@layoutheight=\dimen164
\Gm@layouthoffset=\dimen165
\Gm@layoutvoffset=\dimen166
\Gm@dimlist=\toks18
)
\c@part=\count281
\c@section=\count282
\c@subsection=\count283
\c@subsubsection=\count284
\c@paragraph=\count285
\c@subparagraph=\count286
\@abstractbox=\box53
\c@figure=\count287
\c@table=\count288
\abovecaptionskip=\skip53
\belowcaptionskip=\skip54
\jsc@tocl@width=\dimen167
\@lnumwidth=\dimen168
\bibindent=\dimen169
 (c:/texlive/2025/texmf-dist/tex/latex/bxwareki/bxwareki.sty
Package: bxwareki 2023/07/07 v0.7
\c@warekiyear=\count289
 (c:/texlive/2025/texmf-dist/tex/latex/bxwareki/bxwareki-cd.def
File: bxwareki-cd.def 2023/07/07 v0.7
)) (c:/texlive/2025/texmf-dist/tex/latex/bxjscls/bxjsja-standard.def
File: bxjsja-standard.def 2025/06/06 v2.9d BXJS document classes
 (c:/texlive/2025/texmf-dist/tex/latex/bxjscls/bxjsja-minimal.def
File: bxjsja-minimal.def 2025/06/06 v2.9d BXJS document classes
\everypar=\toks19
) (c:/texlive/2025/texmf-dist/tex/latex/etoolbox/etoolbox.sty
Package: etoolbox 2025/10/02 v2.5m e-TeX tools for LaTeX (JAW)
\etb@tempcnta=\count290
) (c:/texlive/2025/texmf-dist/tex/latex/bxcjkjatype/bxcjkjatype.sty
Package: bxcjkjatype 2023/07/23 v0.5
Package bxcjkjatype Info: Driver auto-detected: pdftex on input line 160.
 (c:/texlive/2025/texmf-dist/tex/latex/cjk/texinput/CJK.sty
Package: CJK 2021/10/16 4.8.5
 (c:/texlive/2025/texmf-dist/tex/latex/cjk/texinput/mule/MULEenc.sty
Package: MULEenc 2021/10/16 4.8.5
) (c:/texlive/2025/texmf-dist/tex/latex/cjk/texinput/CJK.enc
File: CJK.enc 2021/10/16 4.8.5
Now handling font encoding C00 ...
... no UTF-8 mapping file for font encoding C00
Now handling font encoding C05 ...
... no UTF-8 mapping file for font encoding C05
Now handling font encoding C09 ...
... no UTF-8 mapping file for font encoding C09
Now handling font encoding C10 ...
... no UTF-8 mapping file for font encoding C10
Now handling font encoding C20 ...
... no UTF-8 mapping file for font encoding C20
Now handling font encoding C19 ...
... no UTF-8 mapping file for font encoding C19
Now handling font encoding C40 ...
... no UTF-8 mapping file for font encoding C40
Now handling font encoding C42 ...
... no UTF-8 mapping file for font encoding C42
Now handling font encoding C43 ...
... no UTF-8 mapping file for font encoding C43
Now handling font encoding C50 ...
... no UTF-8 mapping file for font encoding C50
Now handling font encoding C52 ...
... no UTF-8 mapping file for font encoding C52
Now handling font encoding C49 ...
... no UTF-8 mapping file for font encoding C49
Now handling font encoding C60 ...
... no UTF-8 mapping file for font encoding C60
Now handling font encoding C61 ...
... no UTF-8 mapping file for font encoding C61
Now handling font encoding C63 ...
... no UTF-8 mapping file for font encoding C63
Now handling font encoding C64 ...
... no UTF-8 mapping file for font encoding C64
Now handling font encoding C65 ...
... no UTF-8 mapping file for font encoding C65
Now handling font encoding C70 ...
... no UTF-8 mapping file for font encoding C70
Now handling font encoding C31 ...
... no UTF-8 mapping file for font encoding C31
Now handling font encoding C32 ...
... no UTF-8 mapping file for font encoding C32
Now handling font encoding C33 ...
... no UTF-8 mapping file for font encoding C33
Now handling font encoding C34 ...
... no UTF-8 mapping file for font encoding C34
Now handling font encoding C35 ...
... no UTF-8 mapping file for font encoding C35
Now handling font encoding C36 ...
... no UTF-8 mapping file for font encoding C36
Now handling font encoding C37 ...
... no UTF-8 mapping file for font encoding C37
Now handling font encoding C80 ...
... no UTF-8 mapping file for font encoding C80
Now handling font encoding C81 ...
... no UTF-8 mapping file for font encoding C81
Now handling font encoding C01 ...
... no UTF-8 mapping file for font encoding C01
Now handling font encoding C11 ...
... no UTF-8 mapping file for font encoding C11
Now handling font encoding C21 ...
... no UTF-8 mapping file for font encoding C21
Now handling font encoding C41 ...
... no UTF-8 mapping file for font encoding C41
Now handling font encoding C62 ...
... no UTF-8 mapping file for font encoding C62
)
\CJK@indent=\box54
) (c:/texlive/2025/texmf-dist/tex/latex/cjk/texinput/CJKutf8.sty
Package: CJKutf8 2021/10/16 4.8.5
 (c:/texlive/2025/texmf-dist/tex/generic/iftex/ifpdf.sty
Package: ifpdf 2019/10/25 v3.4 ifpdf legacy package. Use iftex instead.
) (c:/texlive/2025/texmf-dist/tex/latex/base/inputenc.sty
Package: inputenc 2024/02/08 v1.3d Input encoding file
\inpenc@prehook=\toks20
\inpenc@posthook=\toks21
) (c:/texlive/2025/texmf-dist/tex/latex/base/fontenc.sty
Package: fontenc 2025/07/18 v2.1d Standard LaTeX package
)) (c:/texlive/2025/texmf-dist/tex/latex/cjk/texinput/CJKspace.sty
Package: CJKspace 2021/10/16 3.8.0
) (c:/texlive/2025/texmf-dist/tex/latex/cjkpunct/CJKpunct.sty
Package: CJKpunct 2016/05/14 4.8.4
\CJKpunct@cnta=\count291
\CJKpunct@cntb=\count292
\CJKpunct@cntc=\count293
\CJKpunct@cntd=\count294
\CJKpunct@cnte=\count295
   defining Unicode char U+2018 (decimal 8216)
   defining Unicode char U+2019 (decimal 8217)
   defining Unicode char U+201C (decimal 8220)
   defining Unicode char U+201D (decimal 8221)
   defining Unicode char U+2014 (decimal 8212)
   defining Unicode char U+2026 (decimal 8230)
 (c:/texlive/2025/texmf-dist/tex/latex/cjkpunct/CJKpunct.spa)) (c:/texlive/2025/texmf-dist/tex/latex/cjk/texinput/UTF8/UTF8.bdg
File: UTF8.bdg 2021/10/16 4.8.5
))
\jsKanjiSkip=\skip55
\jsXKanjiSkip=\skip56
)) (c:/texlive/2025/texmf-dist/tex/latex/lm/lmodern.sty
Package: lmodern 2015/05/01 v1.6.1 Latin Modern Fonts
LaTeX Font Info:    Overwriting symbol font `operators' in version `normal'
(Font)                  OT1/cmr/m/n --> OT1/lmr/m/n on input line 22.
LaTeX Font Info:    Overwriting symbol font `letters' in version `normal'
(Font)                  OML/cmm/m/it --> OML/lmm/m/it on input line 23.
LaTeX Font Info:    Overwriting symbol font `symbols' in version `normal'
(Font)                  OMS/cmsy/m/n --> OMS/lmsy/m/n on input line 24.
LaTeX Font Info:    Overwriting symbol font `largesymbols' in version `normal'
(Font)                  OMX/cmex/m/n --> OMX/lmex/m/n on input line 25.
LaTeX Font Info:    Overwriting symbol font `operators' in version `bold'
(Font)                  OT1/cmr/bx/n --> OT1/lmr/bx/n on input line 26.
LaTeX Font Info:    Overwriting symbol font `letters' in version `bold'
(Font)                  OML/cmm/b/it --> OML/lmm/b/it on input line 27.
LaTeX Font Info:    Overwriting symbol font `symbols' in version `bold'
(Font)                  OMS/cmsy/b/n --> OMS/lmsy/b/n on input line 28.
LaTeX Font Info:    Overwriting symbol font `largesymbols' in version `bold'
(Font)                  OMX/cmex/m/n --> OMX/lmex/m/n on input line 29.
LaTeX Font Info:    Overwriting math alphabet `\mathbf' in version `normal'
(Font)                  OT1/cmr/bx/n --> OT1/lmr/bx/n on input line 31.
LaTeX Font Info:    Overwriting math alphabet `\mathsf' in version `normal'
(Font)                  OT1/cmss/m/n --> OT1/lmss/m/n on input line 32.
LaTeX Font Info:    Overwriting math alphabet `\mathit' in version `normal'
(Font)                  OT1/cmr/m/it --> OT1/lmr/m/it on input line 33.
LaTeX Font Info:    Overwriting math alphabet `\mathtt' in version `normal'
(Font)                  OT1/cmtt/m/n --> OT1/lmtt/m/n on input line 34.
LaTeX Font Info:    Overwriting math alphabet `\mathbf' in version `bold'
(Font)                  OT1/cmr/bx/n --> OT1/lmr/bx/n on input line 35.
LaTeX Font Info:    Overwriting math alphabet `\mathsf' in version `bold'
(Font)                  OT1/cmss/bx/n --> OT1/lmss/bx/n on input line 36.
LaTeX Font Info:    Overwriting math alphabet `\mathit' in version `bold'
(Font)                  OT1/cmr/bx/it --> OT1/lmr/bx/it on input line 37.
LaTeX Font Info:    Overwriting math alphabet `\mathtt' in version `bold'
(Font)                  OT1/cmtt/m/n --> OT1/lmtt/m/n on input line 38.
) (c:/texlive/2025/texmf-dist/tex/latex/amsmath/amsmath.sty
Package: amsmath 2025/07/09 v2.17z AMS math features
\@mathmargin=\skip57

For additional information on amsmath, use the `?' option.
(c:/texlive/2025/texmf-dist/tex/latex/amsmath/amstext.sty
Package: amstext 2024/11/17 v2.01 AMS text
 (c:/texlive/2025/texmf-dist/tex/latex/amsmath/amsgen.sty
File: amsgen.sty 1999/11/30 v2.0 generic functions
\@emptytoks=\toks22
\ex@=\dimen170
)) (c:/texlive/2025/texmf-dist/tex/latex/amsmath/amsbsy.sty
Package: amsbsy 1999/11/29 v1.2d Bold Symbols
\pmbraise@=\dimen171
) (c:/texlive/2025/texmf-dist/tex/latex/amsmath/amsopn.sty
Package: amsopn 2022/04/08 v2.04 operator names
)
\inf@bad=\count296
LaTeX Info: Redefining \frac on input line 233.
\uproot@=\count297
\leftroot@=\count298
LaTeX Info: Redefining \overline on input line 398.
LaTeX Info: Redefining \colon on input line 409.
\classnum@=\count299
\DOTSCASE@=\count300
LaTeX Info: Redefining \ldots on input line 495.
LaTeX Info: Redefining \dots on input line 498.
LaTeX Info: Redefining \cdots on input line 619.
\Mathstrutbox@=\box55
\strutbox@=\box56
LaTeX Info: Redefining \big on input line 721.
LaTeX Info: Redefining \Big on input line 722.
LaTeX Info: Redefining \bigg on input line 723.
LaTeX Info: Redefining \Bigg on input line 724.
\big@size=\dimen172
LaTeX Font Info:    Redeclaring font encoding OML on input line 742.
LaTeX Font Info:    Redeclaring font encoding OMS on input line 743.
\macc@depth=\count301
LaTeX Info: Redefining \bmod on input line 904.
LaTeX Info: Redefining \pmod on input line 909.
LaTeX Info: Redefining \smash on input line 939.
LaTeX Info: Redefining \relbar on input line 969.
LaTeX Info: Redefining \Relbar on input line 970.
\c@MaxMatrixCols=\count302
\dotsspace@=\muskip17
\c@parentequation=\count303
\dspbrk@lvl=\count304
\tag@help=\toks23
\row@=\count305
\column@=\count306
\maxfields@=\count307
\andhelp@=\toks24
\eqnshift@=\dimen173
\alignsep@=\dimen174
\tagshift@=\dimen175
\tagwidth@=\dimen176
\totwidth@=\dimen177
\lineht@=\dimen178
\@envbody=\toks25
\multlinegap=\skip58
\multlinetaggap=\skip59
\mathdisplay@stack=\toks26
LaTeX Info: Redefining \[ on input line 2950.
LaTeX Info: Redefining \] on input line 2951.
) (c:/texlive/2025/texmf-dist/tex/latex/amsfonts/amssymb.sty
Package: amssymb 2013/01/14 v3.01 AMS font symbols
 (c:/texlive/2025/texmf-dist/tex/latex/amsfonts/amsfonts.sty
Package: amsfonts 2013/01/14 v3.01 Basic AMSFonts support
\symAMSa=\mathgroup4
\symAMSb=\mathgroup5
LaTeX Font Info:    Redeclaring math symbol \hbar on input line 98.
LaTeX Font Info:    Overwriting math alphabet `\mathfrak' in version `bold'
(Font)                  U/euf/m/n --> U/euf/b/n on input line 106.
)) (c:/texlive/2025/texmf-dist/tex/latex/mathtools/mathtools.sty
Package: mathtools 2024/10/04 v1.31 mathematical typesetting tools
 (c:/texlive/2025/texmf-dist/tex/latex/mathtools/mhsetup.sty
Package: mhsetup 2021/03/18 v1.4 programming setup (MH)
)
\g_MT_multlinerow_int=\count308
\l_MT_multwidth_dim=\dimen179
\origjot=\skip60
\l_MT_shortvdotswithinadjustabove_dim=\dimen180
\l_MT_shortvdotswithinadjustbelow_dim=\dimen181
\l_MT_above_intertext_sep=\dimen182
\l_MT_below_intertext_sep=\dimen183
\l_MT_above_shortintertext_sep=\dimen184
\l_MT_below_shortintertext_sep=\dimen185
\xmathstrut@box=\box57
\xmathstrut@dim=\dimen186
) (c:/texlive/2025/texmf-dist/tex/latex/xcolor/xcolor.sty
Package: xcolor 2024/09/29 v3.02 LaTeX color extensions (UK)
 (c:/texlive/2025/texmf-dist/tex/latex/graphics-cfg/color.cfg
File: color.cfg 2016/01/02 v1.6 sample color configuration
)
Package xcolor Info: Driver file: pdftex.def on input line 274.
 (c:/texlive/2025/texmf-dist/tex/latex/graphics-def/pdftex.def
File: pdftex.def 2025/09/29 v1.2d Graphics/color driver for pdftex
) (c:/texlive/2025/texmf-dist/tex/latex/graphics/mathcolor.ltx)
Package xcolor Info: Model `cmy' substituted by `cmy0' on input line 1349.
Package xcolor Info: Model `hsb' substituted by `rgb' on input line 1353.
Package xcolor Info: Model `RGB' extended on input line 1365.
Package xcolor Info: Model `HTML' substituted by `rgb' on input line 1367.
Package xcolor Info: Model `Hsb' substituted by `hsb' on input line 1368.
Package xcolor Info: Model `tHsb' substituted by `hsb' on input line 1369.
Package xcolor Info: Model `HSB' substituted by `hsb' on input line 1370.
Package xcolor Info: Model `Gray' substituted by `gray' on input line 1371.
Package xcolor Info: Model `wave' substituted by `hsb' on input line 1372.
) (c:/texlive/2025/texmf-dist/tex/latex/enumitem/enumitem.sty
Package: enumitem 2025/02/06 v3.11 Customized lists
\labelindent=\skip61
\enit@outerparindent=\dimen187
\enit@toks=\toks27
\enit@inbox=\box58
\enit@count@id=\count309
\enitdp@description=\count310
) (c:/texlive/2025/texmf-dist/tex/latex/tools/array.sty
Package: array 2025/09/25 v2.6n Tabular extension package (FMi)
\col@sep=\dimen188
\ar@mcellbox=\box59
\extrarowheight=\dimen189
\NC@list=\toks28
\extratabsurround=\skip62
\backup@length=\skip63
\ar@cellbox=\box60
) (c:/texlive/2025/texmf-dist/tex/latex/booktabs/booktabs.sty
Package: booktabs 2020/01/12 v1.61803398 Publication quality tables
\heavyrulewidth=\dimen190
\lightrulewidth=\dimen191
\cmidrulewidth=\dimen192
\belowrulesep=\dimen193
\belowbottomsep=\dimen194
\aboverulesep=\dimen195
\abovetopsep=\dimen196
\cmidrulesep=\dimen197
\cmidrulekern=\dimen198
\defaultaddspace=\dimen199
\@cmidla=\count311
\@cmidlb=\count312
\@aboverulesep=\dimen256
\@belowrulesep=\dimen257
\@thisruleclass=\count313
\@lastruleclass=\count314
\@thisrulewidth=\dimen258
) (c:/texlive/2025/texmf-dist/tex/latex/tools/tabularx.sty
Package: tabularx 2023/12/11 v2.12a `tabularx' package (DPC)
\TX@col@width=\dimen259
\TX@old@table=\dimen260
\TX@old@col=\dimen261
\TX@target=\dimen262
\TX@delta=\dimen263
\TX@cols=\count315
\TX@ftn=\toks29
) (c:/texlive/2025/texmf-dist/tex/latex/fancyhdr/fancyhdr.sty
Package: fancyhdr 2025/02/07 v5.2 Extensive control of page headers and footers
\f@nch@headwidth=\skip64
\f@nch@offset@elh=\skip65
\f@nch@offset@erh=\skip66
\f@nch@offset@olh=\skip67
\f@nch@offset@orh=\skip68
\f@nch@offset@elf=\skip69
\f@nch@offset@erf=\skip70
\f@nch@offset@olf=\skip71
\f@nch@offset@orf=\skip72
\f@nch@height=\skip73
\f@nch@footalignment=\skip74
\f@nch@widthL=\skip75
\f@nch@widthC=\skip76
\f@nch@widthR=\skip77
\@temptokenb=\toks30
) (c:/texlive/2025/texmf-dist/tex/latex/hyperref/hyperref.sty
Package: hyperref 2026-01-29 v7.01p Hypertext links for LaTeX
 (c:/texlive/2025/texmf-dist/tex/latex/kvsetkeys/kvsetkeys.sty
Package: kvsetkeys 2022-10-05 v1.19 Key value parser (HO)
) (c:/texlive/2025/texmf-dist/tex/generic/kvdefinekeys/kvdefinekeys.sty
Package: kvdefinekeys 2019-12-19 v1.6 Define keys (HO)
) (c:/texlive/2025/texmf-dist/tex/generic/pdfescape/pdfescape.sty
Package: pdfescape 2019/12/09 v1.15 Implements pdfTeX's escape features (HO)
 (c:/texlive/2025/texmf-dist/tex/generic/ltxcmds/ltxcmds.sty
Package: ltxcmds 2023-12-04 v1.26 LaTeX kernel commands for general use (HO)
) (c:/texlive/2025/texmf-dist/tex/generic/pdftexcmds/pdftexcmds.sty
Package: pdftexcmds 2020-06-27 v0.33 Utility functions of pdfTeX for LuaTeX (HO)
 (c:/texlive/2025/texmf-dist/tex/generic/infwarerr/infwarerr.sty
Package: infwarerr 2019/12/03 v1.5 Providing info/warning/error messages (HO)
)
Package pdftexcmds Info: \pdf@primitive is available.
Package pdftexcmds Info: \pdf@ifprimitive is available.
Package pdftexcmds Info: \pdfdraftmode found.
)) (c:/texlive/2025/texmf-dist/tex/latex/hycolor/hycolor.sty
Package: hycolor 2020-01-27 v1.10 Color options for hyperref/bookmark (HO)
) (c:/texlive/2025/texmf-dist/tex/latex/hyperref/nameref.sty
Package: nameref 2026-01-29 v2.58 Cross-referencing by name of section
 (c:/texlive/2025/texmf-dist/tex/latex/refcount/refcount.sty
Package: refcount 2019/12/15 v3.6 Data extraction from label references (HO)
) (c:/texlive/2025/texmf-dist/tex/generic/gettitlestring/gettitlestring.sty
Package: gettitlestring 2019/12/15 v1.6 Cleanup title references (HO)
 (c:/texlive/2025/texmf-dist/tex/latex/kvoptions/kvoptions.sty
Package: kvoptions 2022-06-15 v3.15 Key value format for package options (HO)
))
\c@section@level=\count316
) (c:/texlive/2025/texmf-dist/tex/generic/stringenc/stringenc.sty
Package: stringenc 2019/11/29 v1.12 Convert strings between diff. encodings (HO)
)
\@linkdim=\dimen264
\Hy@linkcounter=\count317
\Hy@pagecounter=\count318
 (c:/texlive/2025/texmf-dist/tex/latex/hyperref/pd1enc.def
File: pd1enc.def 2026-01-29 v7.01p Hyperref: PDFDocEncoding definition (HO)
Now handling font encoding PD1 ...
... no UTF-8 mapping file for font encoding PD1
) (c:/texlive/2025/texmf-dist/tex/generic/intcalc/intcalc.sty
Package: intcalc 2019/12/15 v1.3 Expandable calculations with integers (HO)
)
\Hy@SavedSpaceFactor=\count319
 (c:/texlive/2025/texmf-dist/tex/latex/hyperref/puenc.def
File: puenc.def 2026-01-29 v7.01p Hyperref: PDF Unicode definition (HO)
Now handling font encoding PU ...
... no UTF-8 mapping file for font encoding PU
)
Package hyperref Info: Option `setpagesize' set `false' on input line 4072.
Package hyperref Info: Option `unicode' set `true' on input line 4072.
Package hyperref Info: Hyper figures OFF on input line 4201.
Package hyperref Info: Link nesting OFF on input line 4206.
Package hyperref Info: Hyper index ON on input line 4209.
Package hyperref Info: Plain pages OFF on input line 4216.
Package hyperref Info: Backreferencing OFF on input line 4221.
Package hyperref Info: Implicit mode ON; LaTeX internals redefined.
Package hyperref Info: Bookmarks ON on input line 4468.
\c@Hy@tempcnt=\count320
 (c:/texlive/2025/texmf-dist/tex/latex/url/url.sty
\Urlmuskip=\muskip18
Package: url 2013/09/16  ver 3.4  Verb mode for urls, etc.
)
LaTeX Info: Redefining \url on input line 4807.
\XeTeXLinkMargin=\dimen265
 (c:/texlive/2025/texmf-dist/tex/generic/bitset/bitset.sty
Package: bitset 2019/12/09 v1.3 Handle bit-vector datatype (HO)
 (c:/texlive/2025/texmf-dist/tex/generic/bigintcalc/bigintcalc.sty
Package: bigintcalc 2019/12/15 v1.5 Expandable calculations on big integers (HO)
))
\Fld@menulength=\count321
\Field@Width=\dimen266
\Fld@charsize=\dimen267
Package hyperref Info: Hyper figures OFF on input line 6084.
Package hyperref Info: Link nesting OFF on input line 6089.
Package hyperref Info: Hyper index ON on input line 6092.
Package hyperref Info: backreferencing OFF on input line 6099.
Package hyperref Info: Link coloring OFF on input line 6104.
Package hyperref Info: Link coloring with OCG OFF on input line 6109.
Package hyperref Info: PDF/A mode OFF on input line 6114.
\Hy@abspage=\count322
\c@Item=\count323
\c@Hfootnote=\count324
)
Package hyperref Info: Driver (autodetected): hpdftex.
 (c:/texlive/2025/texmf-dist/tex/latex/hyperref/hpdftex.def
File: hpdftex.def 2026-01-29 v7.01p Hyperref driver for pdfTeX
\Fld@listcount=\count325
\c@bookmark@seq@number=\count326
 (c:/texlive/2025/texmf-dist/tex/latex/rerunfilecheck/rerunfilecheck.sty
Package: rerunfilecheck 2025-06-21 v1.11 Rerun checks for auxiliary files (HO)
 (c:/texlive/2025/texmf-dist/tex/generic/uniquecounter/uniquecounter.sty
Package: uniquecounter 2019/12/15 v1.4 Provide unlimited unique counter (HO)
)
Package uniquecounter Info: New unique counter `rerunfilecheck' on input line 284.
)
\Hy@SectionHShift=\skip78
)
Package hyperref Info: Option `unicode' set `true' on input line 22.
Package hyperref Info: Option `colorlinks' set `true' on input line 22.
Package bxjsarticle Info: Patch to fancyhdr is applied.
LaTeX Font Info:    Trying to load font information for OT1+lmr on input line 52.
 (c:/texlive/2025/texmf-dist/tex/latex/lm/ot1lmr.fd
File: ot1lmr.fd 2015/05/01 v1.6.1 Font defs for Latin Modern
) (c:/texlive/2025/texmf-dist/tex/latex/l3backend/l3backend-pdftex.def
File: l3backend-pdftex.def 2025-10-09 L3 backend support: PDF output (pdfTeX)
\l__color_backend_stack_int=\count327
) (./class1.aux)
\openout1 = `class1.aux'.

LaTeX Font Info:    Checking defaults for OML/cmm/m/it on input line 52.
LaTeX Font Info:    ... okay on input line 52.
LaTeX Font Info:    Checking defaults for OMS/cmsy/m/n on input line 52.
LaTeX Font Info:    ... okay on input line 52.
LaTeX Font Info:    Checking defaults for OT1/cmr/m/n on input line 52.
LaTeX Font Info:    ... okay on input line 52.
LaTeX Font Info:    Checking defaults for T1/cmr/m/n on input line 52.
LaTeX Font Info:    ... okay on input line 52.
LaTeX Font Info:    Checking defaults for TS1/cmr/m/n on input line 52.
LaTeX Font Info:    ... okay on input line 52.
LaTeX Font Info:    Checking defaults for OMX/cmex/m/n on input line 52.
LaTeX Font Info:    ... okay on input line 52.
LaTeX Font Info:    Checking defaults for U/cmr/m/n on input line 52.
LaTeX Font Info:    ... okay on input line 52.
LaTeX Font Info:    Checking defaults for C00/song/m/n on input line 52.
LaTeX Font Info:    ... okay on input line 52.
LaTeX Font Info:    Checking defaults for C05/song/m/n on input line 52.
LaTeX Font Info:    ... okay on input line 52.
LaTeX Font Info:    Checking defaults for C09/song/m/n on input line 52.
LaTeX Font Info:    ... okay on input line 52.
LaTeX Font Info:    Checking defaults for C10/song/m/n on input line 52.
LaTeX Font Info:    ... okay on input line 52.
LaTeX Font Info:    Checking defaults for C20/song/m/n on input line 52.
LaTeX Font Info:    ... okay on input line 52.
LaTeX Font Info:    Checking defaults for C19/song/m/n on input line 52.
LaTeX Font Info:    ... okay on input line 52.
LaTeX Font Info:    Checking defaults for C40/song/m/n on input line 52.
LaTeX Font Info:    ... okay on input line 52.
LaTeX Font Info:    Checking defaults for C42/song/m/n on input line 52.
LaTeX Font Info:    ... okay on input line 52.
LaTeX Font Info:    Checking defaults for C43/song/m/n on input line 52.
LaTeX Font Info:    ... okay on input line 52.
LaTeX Font Info:    Checking defaults for C50/song/m/n on input line 52.
LaTeX Font Info:    ... okay on input line 52.
LaTeX Font Info:    Checking defaults for C52/song/m/n on input line 52.
LaTeX Font Info:    ... okay on input line 52.
LaTeX Font Info:    Checking defaults for C49/song/m/n on input line 52.
LaTeX Font Info:    ... okay on input line 52.
LaTeX Font Info:    Checking defaults for C60/mj/m/n on input line 52.
LaTeX Font Info:    ... okay on input line 52.
LaTeX Font Info:    Checking defaults for C61/mj/m/n on input line 52.
LaTeX Font Info:    ... okay on input line 52.
LaTeX Font Info:    Checking defaults for C63/mj/m/n on input line 52.
LaTeX Font Info:    ... okay on input line 52.
LaTeX Font Info:    Checking defaults for C64/mj/m/n on input line 52.
LaTeX Font Info:    ... okay on input line 52.
LaTeX Font Info:    Checking defaults for C65/mj/m/n on input line 52.
LaTeX Font Info:    ... okay on input line 52.
LaTeX Font Info:    Checking defaults for C70/song/m/n on input line 52.
LaTeX Font Info:    ... okay on input line 52.
LaTeX Font Info:    Checking defaults for C31/song/m/n on input line 52.
LaTeX Font Info:    ... okay on input line 52.
LaTeX Font Info:    Checking defaults for C32/song/m/n on input line 52.
LaTeX Font Info:    ... okay on input line 52.
LaTeX Font Info:    Checking defaults for C33/song/m/n on input line 52.
LaTeX Font Info:    ... okay on input line 52.
LaTeX Font Info:    Checking defaults for C34/song/m/n on input line 52.
LaTeX Font Info:    ... okay on input line 52.
LaTeX Font Info:    Checking defaults for C35/song/m/n on input line 52.
LaTeX Font Info:    ... okay on input line 52.
LaTeX Font Info:    Checking defaults for C36/song/m/n on input line 52.
LaTeX Font Info:    ... okay on input line 52.
LaTeX Font Info:    Checking defaults for C37/song/m/n on input line 52.
LaTeX Font Info:    ... okay on input line 52.
LaTeX Font Info:    Checking defaults for C80/song/m/n on input line 52.
LaTeX Font Info:    ... okay on input line 52.
LaTeX Font Info:    Checking defaults for C81/song/m/n on input line 52.
LaTeX Font Info:    ... okay on input line 52.
LaTeX Font Info:    Checking defaults for C01/song/m/n on input line 52.
LaTeX Font Info:    ... okay on input line 52.
LaTeX Font Info:    Checking defaults for C11/song/m/n on input line 52.
LaTeX Font Info:    ... okay on input line 52.
LaTeX Font Info:    Checking defaults for C21/song/m/n on input line 52.
LaTeX Font Info:    ... okay on input line 52.
LaTeX Font Info:    Checking defaults for C41/song/m/n on input line 52.
LaTeX Font Info:    ... okay on input line 52.
LaTeX Font Info:    Checking defaults for C62/song/m/n on input line 52.
LaTeX Font Info:    ... okay on input line 52.
LaTeX Font Info:    Checking defaults for PD1/pdf/m/n on input line 52.
LaTeX Font Info:    ... okay on input line 52.
LaTeX Font Info:    Checking defaults for PU/pdf/m/n on input line 52.
LaTeX Font Info:    ... okay on input line 52.

*geometry* driver: auto-detecting
*geometry* detected driver: pdftex
*geometry* verbose mode - [ preamble ] result:
* driver: pdftex
* paper: a4paper
* layout: <same size as paper>
* layoutoffset:(h,v)=(0.0pt,0.0pt)
* modes: 
* h-part:(L,W,R)=(62.59605pt, 472.31577pt, 62.59605pt)
* v-part:(T,H,B)=(56.9055pt, 739.77167pt, 48.36967pt)
* \paperwidth=597.50787pt
* \paperheight=845.04684pt
* \textwidth=472.31577pt
* \textheight=739.77167pt
* \oddsidemargin=-9.67393pt
* \evensidemargin=-9.67393pt
* \topmargin=-45.43613pt
* \headheight=13.0pt
* \headsep=17.07164pt
* \topskip=10.0pt
* \footskip=28.45274pt
* \marginparwidth=0.0pt
* \marginparsep=0.0pt
* \columnsep=20.0pt
* \skip\footins=16.0pt plus 5.0pt minus 2.0pt
* \hoffset=0.0pt
* \voffset=0.0pt
* \mag=1000
* \@twocolumnfalse
* \@twosidefalse
* \@mparswitchfalse
* \@reversemarginfalse
* (1in=72.27pt=25.4mm, 1cm=28.453pt)

(c:/texlive/2025/texmf-dist/tex/latex/cjk/texinput/UTF8/UTF8.enc
File: UTF8.enc 2021/10/16 4.8.5
) (c:/texlive/2025/texmf-dist/tex/latex/cjk/texinput/UTF8/UTF8.chr
File: UTF8.chr 2021/10/16 4.8.5
) (c:/texlive/2025/texmf-dist/tex/latex/graphics/graphicx.sty
Package: graphicx 2024/12/31 v1.2e Enhanced LaTeX Graphics (DPC,SPQR)
 (c:/texlive/2025/texmf-dist/tex/latex/graphics/graphics.sty
Package: graphics 2024/08/06 v1.4g Standard LaTeX Graphics (DPC,SPQR)
 (c:/texlive/2025/texmf-dist/tex/latex/graphics/trig.sty
Package: trig 2023/12/02 v1.11 sin cos tan (DPC)
) (c:/texlive/2025/texmf-dist/tex/latex/graphics-cfg/graphics.cfg
File: graphics.cfg 2016/06/04 v1.11 sample graphics configuration
)
Package graphics Info: Driver file: pdftex.def on input line 106.
)
\Gin@req@height=\dimen268
\Gin@req@width=\dimen269
) (c:/texlive/2025/texmf-dist/tex/context/base/mkii/supp-pdf.mkii
[Loading MPS to PDF converter (version 2006.09.02).]
\scratchcounter=\count328
\scratchdimen=\dimen270
\scratchbox=\box61
\nofMPsegments=\count329
\nofMParguments=\count330
\everyMPshowfont=\toks31
\MPscratchCnt=\count331
\MPscratchDim=\dimen271
\MPnumerator=\count332
\makeMPintoPDFobject=\count333
\everyMPtoPDFconversion=\toks32
) (c:/texlive/2025/texmf-dist/tex/latex/epstopdf-pkg/epstopdf-base.sty
Package: epstopdf-base 2020-01-24 v2.11 Base part for package epstopdf
Package epstopdf-base Info: Redefining graphics rule for `.eps' on input line 485.
 (c:/texlive/2025/texmf-dist/tex/latex/latexconfig/epstopdf-sys.cfg
File: epstopdf-sys.cfg 2010/07/13 v1.3 Configuration of (r)epstopdf for TeX Live
))
Package hyperref Info: Link coloring ON on input line 52.
 (./class1.out) (./class1.out)
\@outlinefile=\write3
\openout3 = `class1.out'.

LaTeX Font Info:    Trying to load font information for C70+ipxm on input line 53.
 (c:/texlive/2025/texmf-dist/tex/latex/ipaex-type1/c70ipxm.fd
File: c70ipxm.fd 2018/05/05 v0.5
) (c:/texlive/2025/texmf-dist/tex/latex/ipaex-type1/c70ipxm.fdx
File: c70ipxm.fdx 2018/05/05 v0.5
)
Package CJKpunct Info: punctuation spaces for family 'ipxm' do not exist. Use family 'def' instead. on input line 53.
LaTeX Font Info:    Trying to load font information for OT1+lmss on input line 57.
 (c:/texlive/2025/texmf-dist/tex/latex/lm/ot1lmss.fd
File: ot1lmss.fd 2015/05/01 v1.6.1 Font defs for Latin Modern
)
LaTeX Font Info:    Trying to load font information for C70+ipxg on input line 57.
 (c:/texlive/2025/texmf-dist/tex/latex/ipaex-type1/c70ipxg.fd
File: c70ipxg.fd 2018/05/05 v0.5
) (c:/texlive/2025/texmf-dist/tex/latex/ipaex-type1/c70ipxg.fdx
File: c70ipxg.fdx 2018/05/05 v0.5
)
Package CJKpunct Info: punctuation spaces for family 'ipxg' do not exist. Use family 'def' instead. on input line 57.
LaTeX Font Info:    Trying to load font information for TS1+lmr on input line 62.
 (c:/texlive/2025/texmf-dist/tex/latex/lm/ts1lmr.fd
File: ts1lmr.fd 2015/05/01 v1.6.1 Font defs for Latin Modern
) (c:/texlive/2025/texmf-dist/tex/latex/lm/omllmm.fd) (c:/texlive/2025/texmf-dist/tex/latex/lm/omslmsy.fd) (c:/texlive/2025/texmf-dist/tex/latex/lm/omxlmex.fd) (c:/texlive/2025/texmf-dist/tex/latex/amsfonts/umsa.fd) (c:/texlive/2025/texmf-dist/tex/latex/amsfonts/umsb.fd) [1{c:/texlive/2025/texmf-var/fonts/map/pdftex/updmap/pdftex.map}{c:/texlive/2025/texmf-dist/fonts/enc/dvips/ipaex-type1/ipxt1-u78.enc}{c:/texlive/2025/texmf-dist/fonts/enc/dvips/ipaex-type1/ipxt1-u73.enc}{c:/texlive/2025/texmf-dist/fonts/enc/dvips/ipaex-type1/ipxt1-u8a.enc}{c:/texlive/2025/texmf-dist/fonts/enc/dvips/ipaex-type1/ipxt1-u30.enc}{c:/texlive/2025/texmf-dist/fonts/enc/dvips/ipaex-type1/ipxt1-u7d.enc}{c:/texlive/2025/texmf-dist/fonts/enc/dvips/ipaex-type1/ipxt1-u5b.enc}{c:/texlive/2025/texmf-dist/fonts/enc/dvips/lm/lm-rm.enc}{c:/texlive/2025/texmf-dist/fonts/enc/dvips/ipaex-type1/ipxt1-u63.enc}{c:/texlive/2025/texmf-dist/fonts/enc/dvips/ipaex-type1/ipxt1-u69.enc}{c:/texlive/2025/texmf-dist/fonts/enc/dvips/ipaex-type1/ipxt1-u89.enc}{c:/texlive/2025/texmf-dist/fonts/enc/dvips/ipaex-type1/ipxt1-u6f.enc}{c:/texlive/2025/texmf-dist/fonts/enc/dvips/ipaex-type1/ipxt1-u7f.enc}{c:/texlive/2025/texmf-dist/fonts/enc/dvips/ipaex-type1/ipxt1-u7b.enc}{c:/texlive/2025/texmf-dist/fonts/enc/dvips/ipaex-type1/ipxt1-u56.enc}

{c:/texlive/2025/texmf-dist/fonts/enc/dvips/ipaex-type1/ipxt1-u5e.enc}{c:/texlive/2025/texmf-dist/fonts/enc/dvips/ipaex-type1/ipxt1-u51.enc}{c:/texlive/2025/texmf-dist/fonts/enc/dvips/ipaex-type1/ipxt1-u67.enc}{c:/texlive/2025/texmf-dist/fonts/enc/dvips/ipaex-type1/ipxt1-u8b.enc}{c:/texlive/2025/texmf-dist/fonts/enc/dvips/ipaex-type1/ipxt1-u62.enc}{c:/texlive/2025/texmf-dist/fonts/enc/dvips/ipaex-type1/ipxt1-u5f.enc}{c:/texlive/2025/texmf-dist/fonts/enc/dvips/ipaex-type1/ipxt1-uff.enc}{c:/texlive/2025/texmf-dist/fonts/enc/dvips/ipaex-type1/ipxt1-u4e.enc}{c:/texlive/2025/texmf-dist/fonts/enc/dvips/ipaex-type1/ipxt1-u5c.enc}{c:/texlive/2025/texmf-dist/fonts/enc/dvips/ipaex-type1/ipxt1-u79.enc}{c:/texlive/2025/texmf-dist/fonts/enc/dvips/ipaex-type1/ipxt1-u59.enc}{c:/texlive/2025/texmf-dist/fonts/enc/dvips/ipaex-type1/ipxt1-u7a.enc}{c:/texlive/2025/texmf-dist/fonts/enc/dvips/ipaex-type1/ipxt1-u95.enc}{c:/texlive/2025/texmf-dist/fonts/enc/dvips/ipaex-type1/ipxt1-u65.enc}{c:/texlive/2025/texmf-dist/fonts/enc/dvips/ipaex-type1/ipxt1-u52.enc}{c:/texlive/2025/texmf-dist/fonts/enc/dvips/ipaex-type1/ipxt1-u76.enc}{c:/texlive/2025/texmf-dist/fonts/enc/dvips/ipaex-type1/ipxt1-u70.enc}{c:/texlive/2025/texmf-dist/fonts/enc/dvips/ipaex-type1/ipxt1-u57.enc}{c:/texlive/2025/texmf-dist/fonts/enc/dvips/ipaex-type1/ipxt1-u90.enc}{c:/texlive/2025/texmf-dist/fonts/enc/dvips/ipaex-type1/ipxt1-u6a.enc}{c:/texlive/2025/texmf-dist/fonts/enc/dvips/lm/lm-ts1.enc}{c:/texlive/2025/texmf-dist/fonts/enc/dvips/ipaex-type1/ipxt1-u8c.enc}{c:/texlive/2025/texmf-dist/fonts/enc/dvips/ipaex-type1/ipxt1-u6e.enc}{c:/texlive/2025/texmf-dist/fonts/enc/dvips/ipaex-type1/ipxt1-u53.enc}{c:/texlive/2025/texmf-dist/fonts/enc/dvips/ipaex-type1/ipxt1-u4f.enc}{c:/texlive/2025/texmf-dist/fonts/enc/dvips/ipaex-type1/ipxt1-u50.enc}{c:/texlive/2025/texmf-dist/fonts/enc/dvips/ipaex-type1/ipxt1-u72.enc}{c:/texlive/2025/texmf-dist/fonts/enc/dvips/ipaex-type1/ipxt1-u60.enc}{c:/texlive/2025/texmf-dist/fonts/enc/dvips/ipaex-type1/ipxt1-u66.enc}{c:/texlive/2025/texmf-dist/fonts/enc/dvips/ipaex-type1/ipxt1-u74.enc}{c:/texlive/2025/texmf-dist/fonts/enc/dvips/ipaex-type1/ipxt1-u75.enc}{c:/texlive/2025/texmf-dist/fonts/enc/dvips/ipaex-type1/ipxt1-u96.enc}{c:/texlive/2025/texmf-dist/fonts/enc/dvips/ipaex-type1/ipxt1-u82.enc}{c:/texlive/2025/texmf-dist/fonts/enc/dvips/lm/lm-mathit.enc}{c:/texlive/2025/texmf-dist/fonts/enc/dvips/ipaex-type1/ipxt1-u6c.enc}{c:/texlive/2025/texmf-dist/fonts/enc/dvips/ipaex-type1/ipxt1-u88.enc}{c:/texlive/2025/texmf-dist/fonts/enc/dvips/ipaex-type1/ipxt1-u98.enc}{c:/texlive/2025/texmf-dist/fonts/enc/dvips/ipaex-type1/ipxt1-u6b.enc}{c:/texlive/2025/texmf-dist/fonts/enc/dvips/ipaex-type1/ipxt1-u8f.enc}{c:/texlive/2025/texmf-dist/fonts/enc/dvips/ipaex-type1/ipxt1-u61.enc}{c:/texlive/2025/texmf-dist/fonts/enc/dvips/ipaex-type1/ipxt1-u58.enc}{c:/texlive/2025/texmf-dist/fonts/enc/dvips/ipaex-type1/ipxt1-u71.enc}{c:/texlive/2025/texmf-dist/fonts/enc/dvips/ipaex-type1/ipxt1-u54.enc}{c:/texlive/2025/texmf-dist/fonts/enc/dvips/ipaex-type1/ipxt1-u77.enc}{c:/texlive/2025/texmf-dist/fonts/enc/dvips/ipaex-type1/ipxt1-u55.enc}{c:/texlive/2025/texmf-dist/fonts/enc/dvips/ipaex-type1/ipxt1-u81.enc}{c:/texlive/2025/texmf-dist/fonts/enc/dvips/ipaex-type1/ipxt1-u84.enc}{c:/texlive/2025/texmf-dist/fonts/enc/dvips/ipaex-type1/ipxt1-u91.enc}{c:/texlive/2025/texmf-dist/fonts/enc/dvips/ipaex-type1/ipxt1-u6d.enc}{c:/texlive/2025/texmf-dist/fonts/enc/dvips/ipaex-type1/ipxt1-u68.enc}{c:/texlive/2025/texmf-dist/fonts/enc/dvips/ipaex-type1/ipxt1-u80.enc}{c:/texlive/2025/texmf-dist/fonts/enc/dvips/ipaex-type1/ipxt1-u7e.enc}] [2{c:/texlive/2025/texmf-dist/fonts/enc/dvips/lm/lm-mathsy.enc}{c:/texlive/2025/texmf-dist/fonts/enc/dvips/lm/lm-mathex.enc}] (./class1.aux)
 ***********
LaTeX2e <2025-11-01>
L3 programming layer <2026-01-19>
 ***********
Package rerunfilecheck Info: File `class1.out' has not changed.
(rerunfilecheck)             Checksum: D41D8CD98F00B204E9800998ECF8427E;0.
 ) 
Here is how much of TeX's memory you used:
 17489 strings out of 467533
 274393 string characters out of 5423669
 697057 words of memory out of 5000000
 45839 multiletter control sequences out of 15000+600000
 692027 words of font info for 206 fonts, out of 8000000 for 9000
 1146 hyphenation exceptions out of 8191
 87i,12n,86p,305b,641s stack positions out of 10000i,1000n,20000p,200000b,200000s
<c:/texlive/2025/texmf-dist/fonts/type1/public/ipaex-type1/ipxg-r-u30.pfb><c:/texlive/2025/texmf-dist/fonts/type1/public/ipaex-type1/ipxg-r-u4e.pfb><c:/texlive/2025/texmf-dist/fonts/type1/public/ipaex-type1/ipxg-r-u4f.pfb><c:/texlive/2025/texmf-dist/fonts/type1/public/ipaex-type1/ipxg-r-u51.pfb><c:/texlive/2025/texmf-dist/fonts/type1/public/ipaex-type1/ipxg-r-u52.pfb><c:/texlive/2025/texmf-dist/fonts/type1/public/ipaex-type1/ipxg-r-u55.pfb><c:/texlive/2025/texmf-dist/fonts/type1/public/ipaex-type1/ipxg-r-u56.pfb><c:/texlive/2025/texmf-dist/fonts/type1/public/ipaex-type1/ipxg-r-u5b.pfb><c:/texlive/2025/texmf-dist/fonts/type1/public/ipaex-type1/ipxg-r-u5c.pfb><c:/texlive/2025/texmf-dist/fonts/type1/public/ipaex-type1/ipxg-r-u5e.pfb><c:/texlive/2025/texmf-dist/fonts/type1/public/ipaex-type1/ipxg-r-u5f.pfb><c:/texlive/2025/texmf-dist/fonts/type1/public/ipaex-type1/ipxg-r-u62.pfb><c:/texlive/2025/texmf-dist/fonts/type1/public/ipaex-type1/ipxg-r-u63.pfb><c:/texlive/2025/texmf-dist/fonts/type1/public/ipaex-type1/ipxg-r-u65.pfb><c:/texlive/2025/texmf-dist/fonts/type1/public/ipaex-type1/ipxg-r-u67.pfb><c:/texlive/2025/texmf-dist/fonts/type1/public/ipaex-type1/ipxg-r-u69.pfb><c:/texlive/2025/texmf-dist/fonts/type1/public/ipaex-type1/ipxg-r-u6a.pfb><c:/texlive/2025/texmf-dist/fonts/type1/public/ipaex-type1/ipxg-r-u6f.pfb><c:/texlive/2025/texmf-dist/fonts/type1/public/ipaex-type1/ipxg-r-u73.pfb><c:/texlive/2025/texmf-dist/fonts/type1/public/ipaex-type1/ipxg-r-u74.pfb><c:/texlive/2025/texmf-dist/fonts/type1/public/ipaex-type1/ipxg-r-u75.pfb><c:/texlive/2025/texmf-dist/fonts/type1/public/ipaex-type1/ipxg-r-u76.pfb><c:/texlive/2025/texmf-dist/fonts/type1/public/ipaex-type1/ipxg-r-u77.pfb><c:/texlive/2025/texmf-dist/fonts/type1/public/ipaex-type1/ipxg-r-u78.pfb><c:/texlive/2025/texmf-dist/fonts/type1/public/ipaex-type1/ipxg-r-u7a.pfb><c:/texlive/2025/texmf-dist/fonts/type1/public/ipaex-type1/ipxg-r-u7f.pfb><c:/texlive/2025/texmf-dist/fonts/type1/public/ipaex-type1/ipxg-r-u82.pfb><c:/texlive/2025/texmf-dist/fonts/type1/public/ipaex-type1/ipxg-r-u89.pfb><c:/texlive/2025/texmf-dist/fonts/type1/public/ipaex-type1/ipxg-r-u8a.pfb><c:/texlive/2025/texmf-dist/fonts/type1/public/ipaex-type1/ipxg-r-u8b.pfb><c:/texlive/2025/texmf-dist/fonts/type1/public/ipaex-type1/ipxg-r-u90.pfb><c:/texlive/2025/texmf-dist/fonts/type1/public/ipaex-type1/ipxg-r-u95.pfb><c:/texlive/2025/texmf-dist/fonts/type1/public/ipaex-type1/ipxg-r-u96.pfb><c:/texlive/2025/texmf-dist/fonts/type1/public/ipaex-type1/ipxg-r-u98.pfb><c:/texlive/2025/texmf-dist/fonts/type1/public/ipaex-type1/ipxg-r-uff.pfb><c:/texlive/2025/texmf-dist/fonts/type1/public/ipaex-type1/ipxm-r-u30.pfb><c:/texlive/2025/texmf-dist/fonts/type1/public/ipaex-type1/ipxm-r-u4e.pfb><c:/texlive/2025/texmf-dist/fonts/type1/public/ipaex-type1/ipxm-r-u4f.pfb><c:/texlive/2025/texmf-dist/fonts/type1/public/ipaex-type1/ipxm-r-u50.pfb><c:/texlive/2025/texmf-dist/fonts/type1/public/ipaex-type1/ipxm-r-u51.pfb><c:/texlive/2025/texmf-dist/fonts/type1/public/ipaex-type1/ipxm-r-u52.pfb><c:/texlive/2025/texmf-dist/fonts/type1/public/ipaex-type1/ipxm-r-u53.pfb><c:/texlive/2025/texmf-dist/fonts/type1/public/ipaex-type1/ipxm-r-u54.pfb><c:/texlive/2025/texmf-dist/fonts/type1/public/ipaex-type1/ipxm-r-u55.pfb><c:/texlive/2025/texmf-dist/fonts/type1/public/ipaex-type1/ipxm-r-u56.pfb><c:/texlive/2025/texmf-dist/fonts/type1/public/ipaex-type1/ipxm-r-u57.pfb><c:/texlive/2025/texmf-dist/fonts/type1/public/ipaex-type1/ipxm-r-u58.pfb><c:/texlive/2025/texmf-dist/fonts/type1/public/ipaex-type1/ipxm-r-u59.pfb><c:/texlive/2025/texmf-dist/fonts/type1/public/ipaex-type1/ipxm-r-u5b.pfb><c:/texlive/2025/texmf-dist/fonts/type1/public/ipaex-type1/ipxm-r-u5c.pfb><c:/texlive/2025/texmf-dist/fonts/type1/public/ipaex-type1/ipxm-r-u5e.pfb><c:/texlive/2025/texmf-dist/fonts/type1/public/ipaex-type1/ipxm-r-u5f.pfb><c:/texlive/2025/texmf-dist/fonts/type1/public/ipaex-type1/ipxm-r-u60.pfb><c:/texlive/2025/texmf-dist/fonts/type1/public/ipaex-type1/ipxm-r-u61.pfb><c:/texlive/2025/texmf-dist/fonts/type1/public/ipaex-type1/ipxm-r-u62.pfb><c:/texlive/2025/texmf-dist/fonts/type1/public/ipaex-type1/ipxm-r-u63.pfb><c:/texlive/2025/texmf-dist/fonts/type1/public/ipaex-type1/ipxm-r-u65.pfb><c:/texlive/2025/texmf-dist/fonts/type1/public/ipaex-type1/ipxm-r-u66.pfb><c:/texlive/2025/texmf-dist/fonts/type1/public/ipaex-type1/ipxm-r-u67.pfb><c:/texlive/2025/texmf-dist/fonts/type1/public/ipaex-type1/ipxm-r-u68.pfb><c:/texlive/2025/texmf-dist/fonts/type1/public/ipaex-type1/ipxm-r-u69.pfb><c:/texlive/2025/texmf-dist/fonts/type1/public/ipaex-type1/ipxm-r-u6a.pfb><c:/texlive/2025/texmf-dist/fonts/type1/public/ipaex-type1/ipxm-r-u6b.pfb><c:/texlive/2025/texmf-dist/fonts/type1/public/ipaex-type1/ipxm-r-u6c.pfb><c:/texlive/2025/texmf-dist/fonts/type1/public/ipaex-type1/ipxm-r-u6d.pfb><c:/texlive/2025/texmf-dist/fonts/type1/public/ipaex-type1/ipxm-r-u6e.pfb><c:/texlive/2025/texmf-dist/fonts/type1/public/ipaex-type1/ipxm-r-u6f.pfb><c:/texlive/2025/texmf-dist/fonts/type1/public/ipaex-type1/ipxm-r-u70.pfb><c:/texlive/2025/texmf-dist/fonts/type1/public/ipaex-type1/ipxm-r-u71.pfb><c:/texlive/2025/texmf-dist/fonts/type1/public/ipaex-type1/ipxm-r-u72.pfb><c:/texlive/2025/texmf-dist/fonts/type1/public/ipaex-type1/ipxm-r-u73.pfb><c:/texlive/2025/texmf-dist/fonts/type1/public/ipaex-type1/ipxm-r-u74.pfb><c:/texlive/2025/texmf-dist/fonts/type1/public/ipaex-type1/ipxm-r-u75.pfb><c:/texlive/2025/texmf-dist/fonts/type1/public/ipaex-type1/ipxm-r-u76.pfb><c:/texlive/2025/texmf-dist/fonts/type1/public/ipaex-type1/ipxm-r-u78.pfb><c:/texlive/2025/texmf-dist/fonts/type1/public/ipaex-type1/ipxm-r-u79.pfb><c:/texlive/2025/texmf-dist/fonts/type1/public/ipaex-type1/ipxm-r-u7a.pfb><c:/texlive/2025/texmf-dist/fonts/type1/public/ipaex-type1/ipxm-r-u7b.pfb><c:/texlive/2025/texmf-dist/fonts/type1/public/ipaex-type1/ipxm-r-u7d.pfb><c:/texlive/2025/texmf-dist/fonts/type1/public/ipaex-type1/ipxm-r-u7e.pfb><c:/texlive/2025/texmf-dist/fonts/type1/public/ipaex-type1/ipxm-r-u7f.pfb><c:/texlive/2025/texmf-dist/fonts/type1/public/ipaex-type1/ipxm-r-u80.pfb><c:/texlive/2025/texmf-dist/fonts/type1/public/ipaex-type1/ipxm-r-u81.pfb><c:/texlive/2025/texmf-dist/fonts/type1/public/ipaex-type1/ipxm-r-u82.pfb><c:/texlive/2025/texmf-dist/fonts/type1/public/ipaex-type1/ipxm-r-u84.pfb><c:/texlive/2025/texmf-dist/fonts/type1/public/ipaex-type1/ipxm-r-u88.pfb><c:/texlive/2025/texmf-dist/fonts/type1/public/ipaex-type1/ipxm-r-u89.pfb><c:/texlive/2025/texmf-dist/fonts/type1/public/ipaex-type1/ipxm-r-u8a.pfb><c:/texlive/2025/texmf-dist/fonts/type1/public/ipaex-type1/ipxm-r-u8b.pfb><c:/texlive/2025/texmf-dist/fonts/type1/public/ipaex-type1/ipxm-r-u8c.pfb><c:/texlive/2025/texmf-dist/fonts/type1/public/ipaex-type1/ipxm-r-u8f.pfb><c:/texlive/2025/texmf-dist/fonts/type1/public/ipaex-type1/ipxm-r-u90.pfb><c:/texlive/2025/texmf-dist/fonts/type1/public/ipaex-type1/ipxm-r-u91.pfb><c:/texlive/2025/texmf-dist/fonts/type1/public/ipaex-type1/ipxm-r-u95.pfb><c:/texlive/2025/texmf-dist/fonts/type1/public/ipaex-type1/ipxm-r-u96.pfb><c:/texlive/2025/texmf-dist/fonts/type1/public/ipaex-type1/ipxm-r-u98.pfb><c:/texlive/2025/texmf-dist/fonts/type1/public/ipaex-type1/ipxm-r-uff.pfb><c:/texlive/2025/texmf-dist/fonts/type1/public/lm/lmex10.pfb><c:/texlive/2025/texmf-dist/fonts/type1/public/lm/lmmi10.pfb><c:/texlive/2025/texmf-dist/fonts/type1/public/lm/lmmi7.pfb><c:/texlive/2025/texmf-dist/fonts/type1/public/lm/lmr10.pfb><c:/texlive/2025/texmf-dist/fonts/type1/public/lm/lmr12.pfb><c:/texlive/2025/texmf-dist/fonts/type1/public/lm/lmr7.pfb><c:/texlive/2025/texmf-dist/fonts/type1/public/lm/lmr9.pfb><c:/texlive/2025/texmf-dist/fonts/type1/public/lm/lmss10.pfb><c:/texlive/2025/texmf-dist/fonts/type1/public/lm/lmsy10.pfb><c:/texlive/2025/texmf-dist/fonts/type1/public/lm/lmsy7.pfb><c:/texlive/2025/texmf-dist/fonts/type1/public/amsfonts/symbols/msbm10.pfb>
Output written on class1.pdf (2 pages, 779811 bytes).
PDF statistics:
 702 PDF objects out of 1000 (max. 8388607)
 413 compressed objects within 5 object streams
 8 named destinations out of 1000 (max. 500000)
 253 words of extra memory for PDF output out of 10000 (max. 10000000)

